Archive member included to satisfy reference by file (symbol)

app/libapp.a(calc.c.obj)      (--whole-archive)
app/libapp.a(main.c.obj)      (--whole-archive)
zephyr/libzephyr.a(heap.c.obj)
                              (--whole-archive)
zephyr/libzephyr.a(cbprintf_packaged.c.obj)
                              (--whole-archive)
zephyr/libzephyr.a(printk.c.obj)
                              (--whole-archive)
zephyr/libzephyr.a(sem.c.obj)
                              (--whole-archive)
zephyr/libzephyr.a(thread_entry.c.obj)
                              (--whole-archive)
zephyr/libzephyr.a(cbprintf_complete.c.obj)
                              (--whole-archive)
zephyr/libzephyr.a(assert.c.obj)
                              (--whole-archive)
zephyr/libzephyr.a(dec.c.obj)
                              (--whole-archive)
zephyr/libzephyr.a(hex.c.obj)
                              (--whole-archive)
zephyr/libzephyr.a(rb.c.obj)  (--whole-archive)
zephyr/libzephyr.a(timeutil.c.obj)
                              (--whole-archive)
zephyr/libzephyr.a(bitarray.c.obj)
                              (--whole-archive)
zephyr/libzephyr.a(onoff.c.obj)
                              (--whole-archive)
zephyr/libzephyr.a(notify.c.obj)
                              (--whole-archive)
zephyr/libzephyr.a(configs.c.obj)
                              (--whole-archive)
zephyr/libzephyr.a(mem_attr.c.obj)
                              (--whole-archive)
zephyr/libzephyr.a(tracing_none.c.obj)
                              (--whole-archive)
zephyr/libzephyr.a(banner.c.obj)
                              (--whole-archive)
zephyr/libzephyr.a(flash_map_partition_manager.c.obj)
                              (--whole-archive)
zephyr/libzephyr.a(nrf_cc3xx_platform_abort_zephyr.c.obj)
                              (--whole-archive)
zephyr/libzephyr.a(nrf_cc3xx_platform_mutex_zephyr.c.obj)
                              (--whole-archive)
zephyr/arch/common/libarch__common.a(sw_isr_common.c.obj)
                              (--whole-archive)
zephyr/arch/arch/arm/core/libarch__arm__core.a(fatal.c.obj)
                              (--whole-archive)
zephyr/arch/arch/arm/core/libarch__arm__core.a(nmi.c.obj)
                              (--whole-archive)
zephyr/arch/arch/arm/core/libarch__arm__core.a(nmi_on_reset.S.obj)
                              (--whole-archive)
zephyr/arch/arch/arm/core/libarch__arm__core.a(tls.c.obj)
                              (--whole-archive)
zephyr/arch/arch/arm/core/cortex_m/libarch__arm__core__cortex_m.a(exc_exit.c.obj)
                              (--whole-archive)
zephyr/arch/arch/arm/core/cortex_m/libarch__arm__core__cortex_m.a(fault.c.obj)
                              (--whole-archive)
zephyr/arch/arch/arm/core/cortex_m/libarch__arm__core__cortex_m.a(fault_s.S.obj)
                              (--whole-archive)
zephyr/arch/arch/arm/core/cortex_m/libarch__arm__core__cortex_m.a(fpu.c.obj)
                              (--whole-archive)
zephyr/arch/arch/arm/core/cortex_m/libarch__arm__core__cortex_m.a(reset.S.obj)
                              (--whole-archive)
zephyr/arch/arch/arm/core/cortex_m/libarch__arm__core__cortex_m.a(scb.c.obj)
                              (--whole-archive)
zephyr/arch/arch/arm/core/cortex_m/libarch__arm__core__cortex_m.a(thread_abort.c.obj)
                              (--whole-archive)
zephyr/arch/arch/arm/core/cortex_m/libarch__arm__core__cortex_m.a(vector_table.S.obj)
                              (--whole-archive)
zephyr/arch/arch/arm/core/cortex_m/libarch__arm__core__cortex_m.a(swap.c.obj)
                              (--whole-archive)
zephyr/arch/arch/arm/core/cortex_m/libarch__arm__core__cortex_m.a(swap_helper.S.obj)
                              (--whole-archive)
zephyr/arch/arch/arm/core/cortex_m/libarch__arm__core__cortex_m.a(irq_manage.c.obj)
                              (--whole-archive)
zephyr/arch/arch/arm/core/cortex_m/libarch__arm__core__cortex_m.a(prep_c.c.obj)
                              (--whole-archive)
zephyr/arch/arch/arm/core/cortex_m/libarch__arm__core__cortex_m.a(thread.c.obj)
                              (--whole-archive)
zephyr/arch/arch/arm/core/cortex_m/libarch__arm__core__cortex_m.a(cpu_idle.c.obj)
                              (--whole-archive)
zephyr/arch/arch/arm/core/cortex_m/libarch__arm__core__cortex_m.a(irq_init.c.obj)
                              (--whole-archive)
zephyr/arch/arch/arm/core/cortex_m/libarch__arm__core__cortex_m.a(isr_wrapper.c.obj)
                              (--whole-archive)
zephyr/arch/arch/arm/core/cortex_m/libarch__arm__core__cortex_m.a(__aeabi_read_tp.S.obj)
                              (--whole-archive)
zephyr/arch/arch/arm/core/mpu/libarch__arm__core__mpu.a(arm_core_mpu.c.obj)
                              (--whole-archive)
zephyr/arch/arch/arm/core/mpu/libarch__arm__core__mpu.a(arm_mpu.c.obj)
                              (--whole-archive)
zephyr/arch/arch/arm/core/mpu/libarch__arm__core__mpu.a(arm_mpu_regions.c.obj)
[...]
Memory Configuration

Name             Origin             Length             Attributes
FLASH            0x0000000000000000 0x0000000000100000 xr
RAM              0x0000000020000000 0x0000000000040000 xw
IDT_LIST         0x00000000ffff7fff 0x0000000000008000 xw
*default*        0x0000000000000000 0xffffffffffffffff

Linker script and memory map

                0x0000000000003d40                vfprintf = __l_vfprintf
                0x0000000000000000                vfscanf = __l_vfscanf
LOAD zephyr/CMakeFiles/zephyr_final.dir/misc/empty_file.c.obj
LOAD zephyr/CMakeFiles/zephyr_final.dir/isr_tables.c.obj
LOAD zephyr/CMakeFiles/offsets.dir/./arch/arm/core/offsets/offsets.c.obj
LOAD app/libapp.a
LOAD zephyr/libzephyr.a
LOAD zephyr/arch/common/libarch__common.a
LOAD zephyr/arch/arch/arm/core/libarch__arm__core.a
LOAD zephyr/arch/arch/arm/core/cortex_m/libarch__arm__core__cortex_m.a
LOAD zephyr/arch/arch/arm/core/mpu/libarch__arm__core__mpu.a
LOAD zephyr/lib/libc/picolibc/liblib__libc__picolibc.a
LOAD zephyr/lib/libc/common/liblib__libc__common.a
LOAD zephyr/soc/soc/nrf52840/libsoc__nordic.a
LOAD zephyr/drivers/clock_control/libdrivers__clock_control.a
LOAD zephyr/drivers/console/libdrivers__console.a
LOAD zephyr/drivers/gpio/libdrivers__gpio.a
LOAD zephyr/drivers/pinctrl/libdrivers__pinctrl.a
LOAD zephyr/drivers/serial/libdrivers__serial.a
LOAD zephyr/drivers/timer/libdrivers__timer.a
LOAD modules/nrf/drivers/hw_cc3xx/lib..__nrf__drivers__hw_cc3xx.a
LOAD modules/hal_nordic/nrfx/libmodules__hal_nordic__nrfx.a
LOAD modules/segger/libmodules__segger.a
LOAD zephyr/kernel/libkernel.a
LOAD zephyr/arch/common/libisr_tables.a
LOAD C:/ncs/v2.9.0/nrfxlib/crypto/nrf_cc310_platform/lib/cortex-m4/soft-float/no-interrupts/libnrf_cc310_platform_0.9.19.a
LOAD c:\ncs\toolchains\b620d30767\opt\zephyr-sdk\arm-zephyr-eabi\bin\../lib/gcc/../../picolibc/arm-zephyr-eabi/lib/thumb/v7e-m/nofp\libc.a
LOAD c:/ncs/toolchains/b620d30767/opt/zephyr-sdk/arm-zephyr-eabi/bin/../lib/gcc/arm-zephyr-eabi/12.2.0/thumb/v7e-m/nofp\libgcc.a
                0x0000000000000020                _region_min_align = 0x20

.rel.plt        0x0000000000000000        0x0
 *(SORT_BY_ALIGNMENT(.rel.plt))
                [!provide]                        PROVIDE (__rel_iplt_start = .)
 *(SORT_BY_ALIGNMENT(.rel.iplt))
 .rel.iplt      0x0000000000000000        0x0 zephyr/CMakeFiles/zephyr_final.dir/isr_tables.c.obj
                [!provide]                        PROVIDE (__rel_iplt_end = .)

.rela.plt       0x0000000000000000        0x0
 *(SORT_BY_ALIGNMENT(.rela.plt))
                [!provide]                        PROVIDE (__rela_iplt_start = .)
 *(SORT_BY_ALIGNMENT(.rela.iplt))
                [!provide]                        PROVIDE (__rela_iplt_end = .)

.rel.dyn
 *(SORT_BY_ALIGNMENT(.rel.*))

.rela.dyn
 *(SORT_BY_ALIGNMENT(.rela.*))

/DISCARD/
 *(SORT_BY_ALIGNMENT(.plt))

/DISCARD/
 *(SORT_BY_ALIGNMENT(.iplt))
                0x0000000000000000                __rom_region_start = 0x0

rom_start       0x0000000000000000      0x100
                0x0000000000000000                __rom_start_address = .
 FILL mask 0x00
                0x0000000000000000                . = (. + (0x0 - (. - __rom_start_address)))
                0x0000000000000000                . = ALIGN (0x4)
                0x0000000000000000                . = ALIGN (0x80)
                0x0000000000000000                . = ALIGN (0x100)
                0x0000000000000000                _vector_start = .
 *(SORT_BY_ALIGNMENT(.exc_vector_table))
 *(SORT_BY_ALIGNMENT(.exc_vector_table.*))
 .exc_vector_table._vector_table_section
                0x0000000000000000       0x40 zephyr/arch/arch/arm/core/cortex_m/libarch__arm__core__cortex_m.a(vector_table.S.obj)
                0x0000000000000000                _vector_table
 *(SORT_BY_ALIGNMENT(.vectors))
                0x0000000000000100                _vector_end = .
                0x0000000000000040                . = ALIGN (0x4)
 *(SORT_BY_ALIGNMENT(.gnu.linkonce.irq_vector_table*))
 .gnu.linkonce.irq_vector_table
                0x0000000000000040       0xc0 zephyr/CMakeFiles/zephyr_final.dir/isr_tables.c.obj
                0x0000000000000040                _irq_vector_table
                0x0000000000000100                _vector_end = .

text            0x0000000000000100     0x4cec
                0x0000000000000100                __text_region_start = .
 *(SORT_BY_ALIGNMENT(.text))
 *(SORT_BY_ALIGNMENT(.text.*))
 .text.main     0x0000000000000100       0x24 app/libapp.a(main.c.obj)
                0x0000000000000100                main
 .text.char_out
                0x0000000000000124        0xc zephyr/libzephyr.a(printk.c.obj)
 .text.__printk_hook_install
                0x0000000000000130        0xc zephyr/libzephyr.a(printk.c.obj)
                0x0000000000000130                __printk_hook_install
 .text.vprintk  0x000000000000013c       0x30 zephyr/libzephyr.a(printk.c.obj)
                0x000000000000013c                vprintk
 .text.z_thread_entry
                0x000000000000016c       0x34 zephyr/libzephyr.a(thread_entry.c.obj)
                0x000000000000016c                z_thread_entry
 .text.process_event
                0x00000000000001a0      0x21c zephyr/libzephyr.a(onoff.c.obj)
 .text.mem_attr_get_regions
                0x00000000000003bc        0xc zephyr/libzephyr.a(mem_attr.c.obj)
                0x00000000000003bc                mem_attr_get_regions
 .text.boot_banner
                0x00000000000003c8       0x1c zephyr/libzephyr.a(banner.c.obj)
                0x00000000000003c8                boot_banner
 .text.nrf_cc3xx_platform_abort_init
                0x00000000000003e4        0xc zephyr/libzephyr.a(nrf_cc3xx_platform_abort_zephyr.c.obj)
                0x00000000000003e4                nrf_cc3xx_platform_abort_init
 .text.mutex_free_platform
                0x00000000000003f0       0x54 zephyr/libzephyr.a(nrf_cc3xx_platform_mutex_zephyr.c.obj)
 .text.mutex_lock_platform
                0x0000000000000444       0x60 zephyr/libzephyr.a(nrf_cc3xx_platform_mutex_zephyr.c.obj)
 .text.mutex_unlock_platform
                0x00000000000004a4       0x58 zephyr/libzephyr.a(nrf_cc3xx_platform_mutex_zephyr.c.obj)
 .text.mutex_init_platform
                0x00000000000004fc       0x94 zephyr/libzephyr.a(nrf_cc3xx_platform_mutex_zephyr.c.obj)
 .text.nrf_cc3xx_platform_mutex_init
                0x0000000000000590       0x2c zephyr/libzephyr.a(nrf_cc3xx_platform_mutex_zephyr.c.obj)
                0x0000000000000590                nrf_cc3xx_platform_mutex_init
 .text.z_SysNmiOnReset
                0x00000000000005bc        0x8 zephyr/arch/arch/arm/core/libarch__arm__core.a(nmi_on_reset.S.obj)
                0x00000000000005bc                z_SysNmiOnReset
 .text.arch_tls_stack_setup
                0x00000000000005c4       0x40 zephyr/arch/arch/arm/core/libarch__arm__core.a(tls.c.obj)
                0x00000000000005c4                arch_tls_stack_setup
 .text._HandlerModeExit
                0x0000000000000604       0x28 zephyr/arch/arch/arm/core/cortex_m/libarch__arm__core__cortex_m.a(exc_exit.c.obj)
                0x0000000000000604                z_arm_int_exit
                0x0000000000000604                z_arm_exc_exit
 .text.mem_manage_fault
                0x000000000000062c       0xa0 zephyr/arch/arch/arm/core/cortex_m/libarch__arm__core__cortex_m.a(fault.c.obj)
 .text.usage_fault.constprop.0
                0x00000000000006cc       0x54 zephyr/arch/arch/arm/core/cortex_m/libarch__arm__core__cortex_m.a(fault.c.obj)
 .text.bus_fault.constprop.0
                0x0000000000000720       0x6c zephyr/arch/arch/arm/core/cortex_m/libarch__arm__core__cortex_m.a(fault.c.obj)
 .text.z_arm_fault
                0x000000000000078c      0x128 zephyr/arch/arch/arm/core/cortex_m/libarch__arm__core__cortex_m.a(fault.c.obj)
                0x000000000000078c                z_arm_fault
 .text.z_arm_fault_init
                0x00000000000008b4       0x18 zephyr/arch/arch/arm/core/cortex_m/libarch__arm__core__cortex_m.a(fault.c.obj)
                0x00000000000008b4                z_arm_fault_init
 .text.__fault  0x00000000000008cc       0x14 zephyr/arch/arch/arm/core/cortex_m/libarch__arm__core__cortex_m.a(fault_s.S.obj)
                0x00000000000008cc                z_arm_usage_fault
                0x00000000000008cc                z_arm_mpu_fault
                0x00000000000008cc                z_arm_exc_spurious
                0x00000000000008cc                z_arm_debug_monitor
                0x00000000000008cc                z_arm_hard_fault
                0x00000000000008cc                z_arm_bus_fault
 .text._reset_section
                0x00000000000008e0       0x54 zephyr/arch/arch/arm/core/cortex_m/libarch__arm__core__cortex_m.a(reset.S.obj)
                0x00000000000008e0                __start
                0x00000000000008e0                z_arm_reset
 .text.z_arm_clear_arm_mpu_config
                0x0000000000000934       0x24 zephyr/arch/arch/arm/core/cortex_m/libarch__arm__core__cortex_m.a(scb.c.obj)
                0x0000000000000934                z_arm_clear_arm_mpu_config
 .text.z_arm_init_arch_hw_at_boot
                0x0000000000000958       0x64 zephyr/arch/arch/arm/core/cortex_m/libarch__arm__core__cortex_m.a(scb.c.obj)
                0x0000000000000958                z_arm_init_arch_hw_at_boot
 .text.z_impl_k_thread_abort
                0x00000000000009bc       0x2c zephyr/arch/arch/arm/core/cortex_m/libarch__arm__core__cortex_m.a(thread_abort.c.obj)
                0x00000000000009bc                z_impl_k_thread_abort
 .text.arch_swap
                0x00000000000009e8       0x30 zephyr/arch/arch/arm/core/cortex_m/libarch__arm__core__cortex_m.a(swap.c.obj)
                0x00000000000009e8                arch_swap
 .text.z_arm_pendsv_c
                0x0000000000000a18       0x48 zephyr/arch/arch/arm/core/cortex_m/libarch__arm__core__cortex_m.a(swap.c.obj)
                0x0000000000000a18                z_arm_pendsv_c
 .text.z_arm_pendsv
                0x0000000000000a60       0x34 zephyr/arch/arch/arm/core/cortex_m/libarch__arm__core__cortex_m.a(swap_helper.S.obj)
                0x0000000000000a60                z_arm_pendsv
 .text.z_arm_svc
                0x0000000000000a94       0x20 zephyr/arch/arch/arm/core/cortex_m/libarch__arm__core__cortex_m.a(swap_helper.S.obj)
                0x0000000000000a94                z_arm_svc
 .text.arch_irq_enable
                0x0000000000000ab4       0x1c zephyr/arch/arch/arm/core/cortex_m/libarch__arm__core__cortex_m.a(irq_manage.c.obj)
                0x0000000000000ab4                arch_irq_enable
 .text.arch_irq_is_enabled
                0x0000000000000ad0       0x1c zephyr/arch/arch/arm/core/cortex_m/libarch__arm__core__cortex_m.a(irq_manage.c.obj)
                0x0000000000000ad0                arch_irq_is_enabled
 .text.z_arm_irq_priority_set
                0x0000000000000aec       0x30 zephyr/arch/arch/arm/core/cortex_m/libarch__arm__core__cortex_m.a(irq_manage.c.obj)
                0x0000000000000aec                z_arm_irq_priority_set
 .text.z_prep_c
                0x0000000000000b1c       0x38 zephyr/arch/arch/arm/core/cortex_m/libarch__arm__core__cortex_m.a(prep_c.c.obj)
                0x0000000000000b1c                z_prep_c
 .text.arch_new_thread
                0x0000000000000b54       0x38 zephyr/arch/arch/arm/core/cortex_m/libarch__arm__core__cortex_m.a(thread.c.obj)
                0x0000000000000b54                arch_new_thread
 .text.z_check_thread_stack_fail
                0x0000000000000b8c       0x2c zephyr/arch/arch/arm/core/cortex_m/libarch__arm__core__cortex_m.a(thread.c.obj)
                0x0000000000000b8c                z_check_thread_stack_fail
 .text.arch_switch_to_main_thread
                0x0000000000000bb8       0x44 zephyr/arch/arch/arm/core/cortex_m/libarch__arm__core__cortex_m.a(thread.c.obj)
                0x0000000000000bb8                arch_switch_to_main_thread
 .text.z_arm_cpu_idle_init
                0x0000000000000bfc        0xc zephyr/arch/arch/arm/core/cortex_m/libarch__arm__core__cortex_m.a(cpu_idle.c.obj)
                0x0000000000000bfc                z_arm_cpu_idle_init
 .text.z_arm_interrupt_init
                0x0000000000000c08       0x18 zephyr/arch/arch/arm/core/cortex_m/libarch__arm__core__cortex_m.a(irq_init.c.obj)
                0x0000000000000c08                z_arm_interrupt_init
 .text._isr_wrapper
                0x0000000000000c20       0x24 zephyr/arch/arch/arm/core/cortex_m/libarch__arm__core__cortex_m.a(isr_wrapper.c.obj)
                0x0000000000000c20                _isr_wrapper
 .text.z_arm_configure_static_mpu_regions
                0x0000000000000c44       0x18 zephyr/arch/arch/arm/core/mpu/libarch__arm__core__mpu.a(arm_core_mpu.c.obj)
                0x0000000000000c44                z_arm_configure_static_mpu_regions
 .text.z_arm_configure_dynamic_mpu_regions
                0x0000000000000c5c       0x20 zephyr/arch/arch/arm/core/mpu/libarch__arm__core__mpu.a(arm_core_mpu.c.obj)
                0x0000000000000c5c                z_arm_configure_dynamic_mpu_regions
 .text.region_init
                0x0000000000000c7c       0x28 zephyr/arch/arch/arm/core/mpu/libarch__arm__core__mpu.a(arm_mpu.c.obj)
 .text.mpu_configure_regions
                0x0000000000000ca4       0x6c zephyr/arch/arch/arm/core/mpu/libarch__arm__core__mpu.a(arm_mpu.c.obj)
 .text.arm_core_mpu_enable
                0x0000000000000d10       0x18 zephyr/arch/arch/arm/core/mpu/libarch__arm__core__mpu.a(arm_mpu.c.obj)
                0x0000000000000d10                arm_core_mpu_enable
 .text.arm_core_mpu_disable
                0x0000000000000d28       0x14 zephyr/arch/arch/arm/core/mpu/libarch__arm__core__mpu.a(arm_mpu.c.obj)
                0x0000000000000d28                arm_core_mpu_disable
 .text.arm_core_mpu_configure_static_mpu_regions
                0x0000000000000d3c       0x14 zephyr/arch/arch/arm/core/mpu/libarch__arm__core__mpu.a(arm_mpu.c.obj)
                0x0000000000000d3c                arm_core_mpu_configure_static_mpu_regions
 .text.arm_core_mpu_configure_dynamic_mpu_regions
                0x0000000000000d50       0x38 zephyr/arch/arch/arm/core/mpu/libarch__arm__core__mpu.a(arm_mpu.c.obj)
                0x0000000000000d50                arm_core_mpu_configure_dynamic_mpu_regions
 .text.z_arm_mpu_init
                0x0000000000000d88      0x168 zephyr/arch/arch/arm/core/mpu/libarch__arm__core__mpu.a(arm_mpu.c.obj)
                0x0000000000000d88                z_arm_mpu_init
 .text.z_impl_zephyr_fputc
                0x0000000000000ef0       0x10 zephyr/lib/libc/picolibc/liblib__libc__picolibc.a(libc-hooks.c.obj)
                0x0000000000000ef0                z_impl_zephyr_fputc
 .text.__stdout_hook_install
                0x0000000000000f00       0x18 zephyr/lib/libc/picolibc/liblib__libc__picolibc.a(libc-hooks.c.obj)
                0x0000000000000f00                __stdout_hook_install
 .text.malloc_prepare
                0x0000000000000f18       0x24 zephyr/lib/libc/common/liblib__libc__common.a(malloc.c.obj)
 .text.nordicsemi_nrf52_init
                0x0000000000000f3c       0x44 zephyr/soc/soc/nrf52840/libsoc__nordic.a(soc.c.obj)
 .text.arch_busy_wait
                0x0000000000000f80       0x14 zephyr/soc/soc/nrf52840/libsoc__nordic.a(soc.c.obj)
                0x0000000000000f80                arch_busy_wait
 .text.onoff_stop
                0x0000000000000f94       0x30 zephyr/drivers/clock_control/libdrivers__clock_control.a(clock_control_nrf.c.obj)
 .text.onoff_start
                0x0000000000000fc4       0x44 zephyr/drivers/clock_control/libdrivers__clock_control.a(clock_control_nrf.c.obj)
 .text.generic_hfclk_stop
                0x0000000000001008       0x34 zephyr/drivers/clock_control/libdrivers__clock_control.a(clock_control_nrf.c.obj)
 .text.clk_init
                0x000000000000103c       0x58 zephyr/drivers/clock_control/libdrivers__clock_control.a(clock_control_nrf.c.obj)
 .text.api_blocking_start
                0x0000000000001094       0x34 zephyr/drivers/clock_control/libdrivers__clock_control.a(clock_control_nrf.c.obj)
 .text.clkstarted_handle.constprop.0
                0x00000000000010c8       0x4c zephyr/drivers/clock_control/libdrivers__clock_control.a(clock_control_nrf.c.obj)
 .text.generic_hfclk_start
                0x0000000000001114       0x78 zephyr/drivers/clock_control/libdrivers__clock_control.a(clock_control_nrf.c.obj)
 .text.clock_event_handler
                0x000000000000118c       0x1c zephyr/drivers/clock_control/libdrivers__clock_control.a(clock_control_nrf.c.obj)
 .text.z_nrf_clock_control_lf_on
                0x00000000000011a8       0xfc zephyr/drivers/clock_control/libdrivers__clock_control.a(clock_control_nrf.c.obj)
                0x00000000000011a8                z_nrf_clock_control_lf_on
 .text.uart_console_init
                0x00000000000012a4       0x28 zephyr/drivers/console/libdrivers__console.a(uart_console.c.obj)
 .text.console_out
                0x00000000000012cc       0x28 zephyr/drivers/console/libdrivers__console.a(uart_console.c.obj)
 .text.gpio_nrfx_pin_interrupt_configure
                0x00000000000012f4      0x100 zephyr/drivers/gpio/libdrivers__gpio.a(gpio_nrfx.c.obj)
 .text.gpio_nrfx_init
                0x00000000000013f4       0x48 zephyr/drivers/gpio/libdrivers__gpio.a(gpio_nrfx.c.obj)
 .text.nrfx_gpio_handler
                0x000000000000143c       0x4c zephyr/drivers/gpio/libdrivers__gpio.a(gpio_nrfx.c.obj)
 .text.gpio_nrfx_pin_configure
                0x0000000000001488      0x18c zephyr/drivers/gpio/libdrivers__gpio.a(gpio_nrfx.c.obj)
 .text.nrf_gpio_pin_port_decode
                0x0000000000001614       0x20 zephyr/drivers/pinctrl/libdrivers__pinctrl.a(pinctrl_nrf.c.obj)
 .text.pinctrl_configure_pins
                0x0000000000001634      0x1a4 zephyr/drivers/pinctrl/libdrivers__pinctrl.a(pinctrl_nrf.c.obj)
                0x0000000000001634                pinctrl_configure_pins
 .text.uarte_nrfx_poll_out
                0x00000000000017d8       0xb4 zephyr/drivers/serial/libdrivers__serial.a(uart_nrfx_uarte.c.obj)
 .text.uarte_0_init
                0x000000000000188c      0x108 zephyr/drivers/serial/libdrivers__serial.a(uart_nrfx_uarte.c.obj)
 .text.compare_int_lock
                0x0000000000001994       0x48 zephyr/drivers/timer/libdrivers__timer.a(nrf_rtc_timer.c.obj)
 .text.sys_clock_timeout_handler
                0x00000000000019dc       0x48 zephyr/drivers/timer/libdrivers__timer.a(nrf_rtc_timer.c.obj)
 .text.compare_int_unlock
                0x0000000000001a24       0x5c zephyr/drivers/timer/libdrivers__timer.a(nrf_rtc_timer.c.obj)
 .text.z_nrf_rtc_timer_read
                0x0000000000001a80       0x44 zephyr/drivers/timer/libdrivers__timer.a(nrf_rtc_timer.c.obj)
                0x0000000000001a80                z_nrf_rtc_timer_read
 .text.compare_set
                0x0000000000001ac4      0x130 zephyr/drivers/timer/libdrivers__timer.a(nrf_rtc_timer.c.obj)
 .text.sys_clock_driver_init
                0x0000000000001bf4       0x90 zephyr/drivers/timer/libdrivers__timer.a(nrf_rtc_timer.c.obj)
 .text.rtc_nrf_isr
                0x0000000000001c84       0xd4 zephyr/drivers/timer/libdrivers__timer.a(nrf_rtc_timer.c.obj)
                0x0000000000001c84                rtc_nrf_isr
 .text.sys_clock_set_timeout
                0x0000000000001d58       0x5c zephyr/drivers/timer/libdrivers__timer.a(nrf_rtc_timer.c.obj)
                0x0000000000001d58                sys_clock_set_timeout
 .text.sys_clock_elapsed
                0x0000000000001db4       0x14 zephyr/drivers/timer/libdrivers__timer.a(nrf_rtc_timer.c.obj)
                0x0000000000001db4                sys_clock_elapsed
 .text.nrf52_errata_98
                0x0000000000001dc8       0x24 modules/hal_nordic/nrfx/libmodules__hal_nordic__nrfx.a(system_nrf52840.c.obj)
 .text.nvmc_wait
                0x0000000000001dec       0x10 modules/hal_nordic/nrfx/libmodules__hal_nordic__nrfx.a(system_nrf52840.c.obj)
                0x0000000000001dec                nvmc_wait
 .text.SystemInit
                0x0000000000001dfc      0x1bc modules/hal_nordic/nrfx/libmodules__hal_nordic__nrfx.a(system_nrf52840.c.obj)
                0x0000000000001dfc                SystemInit
 .text.nrfx_flag32_alloc
                0x0000000000001fb8       0x48 modules/hal_nordic/nrfx/libmodules__hal_nordic__nrfx.a(nrfx_flag32_allocator.c.obj)
                0x0000000000001fb8                nrfx_flag32_alloc
 .text.nrfx_flag32_free
                0x0000000000002000       0x40 modules/hal_nordic/nrfx/libmodules__hal_nordic__nrfx.a(nrfx_flag32_allocator.c.obj)
                0x0000000000002000                nrfx_flag32_free
 .text.nrfx_gppi_channels_enable
                0x0000000000002040        0xc modules/hal_nordic/nrfx/libmodules__hal_nordic__nrfx.a(nrfx_gppi_ppi.c.obj)
                0x0000000000002040                nrfx_gppi_channels_enable
 .text.clock_stop
                0x000000000000204c       0xc4 modules/hal_nordic/nrfx/libmodules__hal_nordic__nrfx.a(nrfx_clock.c.obj)
 .text.nrfx_clock_init
                0x0000000000002110       0x20 modules/hal_nordic/nrfx/libmodules__hal_nordic__nrfx.a(nrfx_clock.c.obj)
                0x0000000000002110                nrfx_clock_init
 .text.nrfx_clock_enable
                0x0000000000002130       0x24 modules/hal_nordic/nrfx/libmodules__hal_nordic__nrfx.a(nrfx_clock.c.obj)
                0x0000000000002130                nrfx_clock_enable
 .text.nrfx_clock_start
                0x0000000000002154       0xa8 modules/hal_nordic/nrfx/libmodules__hal_nordic__nrfx.a(nrfx_clock.c.obj)
                0x0000000000002154                nrfx_clock_start
 .text.nrfx_power_clock_irq_handler
                0x00000000000021fc       0x68 modules/hal_nordic/nrfx/libmodules__hal_nordic__nrfx.a(nrfx_clock.c.obj)
                0x00000000000021fc                nrfx_power_clock_irq_handler
 .text.nrf_gpio_pin_port_decode
                0x0000000000002264       0x20 modules/hal_nordic/nrfx/libmodules__hal_nordic__nrfx.a(nrfx_gpiote.c.obj)
 .text.get_pin_idx
                0x0000000000002284       0x14 modules/hal_nordic/nrfx/libmodules__hal_nordic__nrfx.a(nrfx_gpiote.c.obj)
 .text.call_handler.constprop.0
                0x0000000000002298       0x40 modules/hal_nordic/nrfx/libmodules__hal_nordic__nrfx.a(nrfx_gpiote.c.obj)
 .text.pin_te_get.constprop.0
                0x00000000000022d8       0x18 modules/hal_nordic/nrfx/libmodules__hal_nordic__nrfx.a(nrfx_gpiote.c.obj)
 .text.pin_is_output.constprop.0
                0x00000000000022f0       0x18 modules/hal_nordic/nrfx/libmodules__hal_nordic__nrfx.a(nrfx_gpiote.c.obj)
 .text.pin_in_use_by_te.constprop.0
                0x0000000000002308       0x18 modules/hal_nordic/nrfx/libmodules__hal_nordic__nrfx.a(nrfx_gpiote.c.obj)
 .text.latch_pending_read_and_check
                0x0000000000002320       0x40 modules/hal_nordic/nrfx/libmodules__hal_nordic__nrfx.a(nrfx_gpiote.c.obj)
 .text.release_handler.isra.0
                0x0000000000002360       0x58 modules/hal_nordic/nrfx/libmodules__hal_nordic__nrfx.a(nrfx_gpiote.c.obj)
 .text.__nrfy_internal_gpiote_events_process.constprop.0
                0x00000000000023b8       0x5c modules/hal_nordic/nrfx/libmodules__hal_nordic__nrfx.a(nrfx_gpiote.c.obj)
 .text.pin_uninit
                0x0000000000002414       0x80 modules/hal_nordic/nrfx/libmodules__hal_nordic__nrfx.a(nrfx_gpiote.c.obj)
 .text.nrfx_gpiote_input_configure
                0x0000000000002494      0x174 modules/hal_nordic/nrfx/libmodules__hal_nordic__nrfx.a(nrfx_gpiote.c.obj)
                0x0000000000002494                nrfx_gpiote_input_configure
 .text.nrfx_gpiote_output_configure
                0x0000000000002608       0xfc modules/hal_nordic/nrfx/libmodules__hal_nordic__nrfx.a(nrfx_gpiote.c.obj)
                0x0000000000002608                nrfx_gpiote_output_configure
 .text.nrfx_gpiote_global_callback_set
                0x0000000000002704        0xc modules/hal_nordic/nrfx/libmodules__hal_nordic__nrfx.a(nrfx_gpiote.c.obj)
                0x0000000000002704                nrfx_gpiote_global_callback_set
 .text.nrfx_gpiote_channel_get
                0x0000000000002710       0x34 modules/hal_nordic/nrfx/libmodules__hal_nordic__nrfx.a(nrfx_gpiote.c.obj)
                0x0000000000002710                nrfx_gpiote_channel_get
 .text.nrfx_gpiote_init
                0x0000000000002744       0x68 modules/hal_nordic/nrfx/libmodules__hal_nordic__nrfx.a(nrfx_gpiote.c.obj)
                0x0000000000002744                nrfx_gpiote_init
 .text.nrfx_gpiote_init_check
                0x00000000000027ac       0x14 modules/hal_nordic/nrfx/libmodules__hal_nordic__nrfx.a(nrfx_gpiote.c.obj)
                0x00000000000027ac                nrfx_gpiote_init_check
 .text.nrfx_gpiote_channel_free
                0x00000000000027c0        0xc modules/hal_nordic/nrfx/libmodules__hal_nordic__nrfx.a(nrfx_gpiote.c.obj)
                0x00000000000027c0                nrfx_gpiote_channel_free
 .text.nrfx_gpiote_channel_alloc
                0x00000000000027cc        0xc modules/hal_nordic/nrfx/libmodules__hal_nordic__nrfx.a(nrfx_gpiote.c.obj)
                0x00000000000027cc                nrfx_gpiote_channel_alloc
 .text.nrfx_gpiote_trigger_enable
                0x00000000000027d8       0xb0 modules/hal_nordic/nrfx/libmodules__hal_nordic__nrfx.a(nrfx_gpiote.c.obj)
                0x00000000000027d8                nrfx_gpiote_trigger_enable
 .text.nrfx_gpiote_0_irq_handler
                0x0000000000002888      0x1bc modules/hal_nordic/nrfx/libmodules__hal_nordic__nrfx.a(nrfx_gpiote.c.obj)
                0x0000000000002888                nrfx_gpiote_0_irq_handler
 .text.nrfx_ppi_channel_alloc
                0x0000000000002a44        0xc modules/hal_nordic/nrfx/libmodules__hal_nordic__nrfx.a(nrfx_ppi.c.obj)
                0x0000000000002a44                nrfx_ppi_channel_alloc
 .text._DoInit  0x0000000000002a50       0x68 modules/segger/libmodules__segger.a(SEGGER_RTT.c.obj)
 .text.z_fatal_error
                0x0000000000002ab8       0x30 zephyr/kernel/libkernel.a(fatal.c.obj)
                0x0000000000002ab8                z_fatal_error
 .text.z_sys_init_run_level
                0x0000000000002ae8       0x2c zephyr/kernel/libkernel.a(init.c.obj)
 .text.bg_thread_main
                0x0000000000002b14       0xc4 zephyr/kernel/libkernel.a(init.c.obj)
 .text.z_bss_zero
                0x0000000000002bd8       0x18 zephyr/kernel/libkernel.a(init.c.obj)
                0x0000000000002bd8                z_bss_zero
 .text.z_init_cpu
                0x0000000000002bf0       0x70 zephyr/kernel/libkernel.a(init.c.obj)
                0x0000000000002bf0                z_init_cpu
 .text.z_cstart
                0x0000000000002c60       0xdc zephyr/kernel/libkernel.a(init.c.obj)
                0x0000000000002c60                z_cstart
 .text.init_mem_slab_obj_core_list
                0x0000000000002d3c       0x24 zephyr/kernel/libkernel.a(mem_slab.c.obj)
 .text.k_mem_slab_alloc
                0x0000000000002d60       0x5c zephyr/kernel/libkernel.a(mem_slab.c.obj)
                0x0000000000002d60                k_mem_slab_alloc
 .text.z_impl_k_mutex_lock
                0x0000000000002dbc       0xf0 zephyr/kernel/libkernel.a(mutex.c.obj)
                0x0000000000002dbc                z_impl_k_mutex_lock
 .text.z_impl_k_mutex_unlock
                0x0000000000002eac       0x78 zephyr/kernel/libkernel.a(mutex.c.obj)
                0x0000000000002eac                z_impl_k_mutex_unlock
 .text.z_impl_k_sem_give
                0x0000000000002f24       0x48 zephyr/kernel/libkernel.a(sem.c.obj)
                0x0000000000002f24                z_impl_k_sem_give
 .text.z_impl_k_sem_take
                0x0000000000002f6c       0x4c zephyr/kernel/libkernel.a(sem.c.obj)
                0x0000000000002f6c                z_impl_k_sem_take
 .text.z_setup_new_thread
                0x0000000000002fb8       0x98 zephyr/kernel/libkernel.a(thread.c.obj)
                0x0000000000002fb8                z_setup_new_thread
 .text.update_cache
                0x0000000000003050       0x3c zephyr/kernel/libkernel.a(sched.c.obj)
 .text.unready_thread
                0x000000000000308c       0x30 zephyr/kernel/libkernel.a(sched.c.obj)
 .text.ready_thread
                0x00000000000030bc       0x68 zephyr/kernel/libkernel.a(sched.c.obj)
 .text.z_thread_halt
                0x0000000000003124       0xdc zephyr/kernel/libkernel.a(sched.c.obj)
 .text.move_thread_to_end_of_prio_q
                0x0000000000003200       0x74 zephyr/kernel/libkernel.a(sched.c.obj)
                0x0000000000003200                move_thread_to_end_of_prio_q
 .text.z_pend_curr
                0x0000000000003274       0x58 zephyr/kernel/libkernel.a(sched.c.obj)
                0x0000000000003274                z_pend_curr
 .text.z_thread_prio_set
                0x00000000000032cc       0x88 zephyr/kernel/libkernel.a(sched.c.obj)
                0x00000000000032cc                z_thread_prio_set
 .text.z_reschedule
                0x0000000000003354       0x24 zephyr/kernel/libkernel.a(sched.c.obj)
                0x0000000000003354                z_reschedule
 .text.z_sched_start
                0x0000000000003378       0x3c zephyr/kernel/libkernel.a(sched.c.obj)
                0x0000000000003378                z_sched_start
 .text.z_reschedule_irqlock
                0x00000000000033b4       0x28 zephyr/kernel/libkernel.a(sched.c.obj)
                0x00000000000033b4                z_reschedule_irqlock
 .text.k_sched_lock
                0x00000000000033dc       0x28 zephyr/kernel/libkernel.a(sched.c.obj)
                0x00000000000033dc                k_sched_lock
 .text.k_sched_unlock
                0x0000000000003404       0x40 zephyr/kernel/libkernel.a(sched.c.obj)
                0x0000000000003404                k_sched_unlock
 .text.z_sched_init
                0x0000000000003444       0x10 zephyr/kernel/libkernel.a(sched.c.obj)
                0x0000000000003444                z_sched_init
 .text.z_impl_k_yield
                0x0000000000003454       0x7c zephyr/kernel/libkernel.a(sched.c.obj)
                0x0000000000003454                z_impl_k_yield
 .text.z_tick_sleep
                0x00000000000034d0       0x88 zephyr/kernel/libkernel.a(sched.c.obj)
 .text.z_impl_k_sleep
                0x0000000000003558       0x3c zephyr/kernel/libkernel.a(sched.c.obj)
                0x0000000000003558                z_impl_k_sleep
 .text.z_impl_k_sched_current_thread_query
                0x0000000000003594        0xc zephyr/kernel/libkernel.a(sched.c.obj)
                0x0000000000003594                z_impl_k_sched_current_thread_query
 .text.slice_timeout
                0x00000000000035a0       0x20 zephyr/kernel/libkernel.a(timeslicing.c.obj)
 .text.thread_is_sliceable
                0x00000000000035c0       0x3c zephyr/kernel/libkernel.a(timeslicing.c.obj)
                0x00000000000035c0                thread_is_sliceable
 .text.z_reset_time_slice
                0x00000000000035fc       0x50 zephyr/kernel/libkernel.a(timeslicing.c.obj)
                0x00000000000035fc                z_reset_time_slice
 .text.z_time_slice
                0x000000000000364c       0x60 zephyr/kernel/libkernel.a(timeslicing.c.obj)
                0x000000000000364c                z_time_slice
 .text.z_data_copy
                0x00000000000036ac       0x34 zephyr/kernel/libkernel.a(xip.c.obj)
                0x00000000000036ac                z_data_copy
 .text.elapsed  0x00000000000036e0       0x14 zephyr/kernel/libkernel.a(timeout.c.obj)
 .text.remove_timeout
                0x00000000000036f4       0x38 zephyr/kernel/libkernel.a(timeout.c.obj)
 .text.next_timeout
                0x000000000000372c       0x40 zephyr/kernel/libkernel.a(timeout.c.obj)
 .text.z_add_timeout
                0x000000000000376c       0xf4 zephyr/kernel/libkernel.a(timeout.c.obj)
                0x000000000000376c                z_add_timeout
 .text.sys_clock_announce
                0x0000000000003860       0xd0 zephyr/kernel/libkernel.a(timeout.c.obj)
                0x0000000000003860                sys_clock_announce
 .text.sys_clock_tick_get
                0x0000000000003930       0x30 zephyr/kernel/libkernel.a(timeout.c.obj)
                0x0000000000003930                sys_clock_tick_get
 .text.nrf_cc3xx_platform_init_no_rng
                0x0000000000003960       0x38 C:/ncs/v2.9.0/nrfxlib/crypto/nrf_cc310_platform/lib/cortex-m4/soft-float/no-interrupts/libnrf_cc310_platform_0.9.19.a(nrf_cc3xx_platform.c.obj)
                0x0000000000003960                nrf_cc3xx_platform_init_no_rng
 .text.nrf_cc3xx_platform_abort
                0x0000000000003998       0x24 C:/ncs/v2.9.0/nrfxlib/crypto/nrf_cc310_platform/lib/cortex-m4/soft-float/no-interrupts/libnrf_cc310_platform_0.9.19.a(nrf_cc3xx_platform_abort.c.obj)
 .text.CC_PalAbort
                0x00000000000039bc       0x34 C:/ncs/v2.9.0/nrfxlib/crypto/nrf_cc310_platform/lib/cortex-m4/soft-float/no-interrupts/libnrf_cc310_platform_0.9.19.a(nrf_cc3xx_platform_abort.c.obj)
                0x00000000000039bc                CC_PalAbort
 .text.nrf_cc3xx_platform_set_abort
                0x00000000000039f0       0x10 C:/ncs/v2.9.0/nrfxlib/crypto/nrf_cc310_platform/lib/cortex-m4/soft-float/no-interrupts/libnrf_cc310_platform_0.9.19.a(nrf_cc3xx_platform_abort.c.obj)
                0x00000000000039f0                nrf_cc3xx_platform_set_abort
 .text.mutex_free
                0x0000000000003a00       0x34 C:/ncs/v2.9.0/nrfxlib/crypto/nrf_cc310_platform/lib/cortex-m4/soft-float/no-interrupts/libnrf_cc310_platform_0.9.19.a(nrf_cc3xx_platform_mutex.c.obj)
 .text.mutex_lock
                0x0000000000003a34       0x48 C:/ncs/v2.9.0/nrfxlib/crypto/nrf_cc310_platform/lib/cortex-m4/soft-float/no-interrupts/libnrf_cc310_platform_0.9.19.a(nrf_cc3xx_platform_mutex.c.obj)
 .text.mutex_unlock
                0x0000000000003a7c       0x38 C:/ncs/v2.9.0/nrfxlib/crypto/nrf_cc310_platform/lib/cortex-m4/soft-float/no-interrupts/libnrf_cc310_platform_0.9.19.a(nrf_cc3xx_platform_mutex.c.obj)
 .text.mutex_init
                0x0000000000003ab4       0x20 C:/ncs/v2.9.0/nrfxlib/crypto/nrf_cc310_platform/lib/cortex-m4/soft-float/no-interrupts/libnrf_cc310_platform_0.9.19.a(nrf_cc3xx_platform_mutex.c.obj)
 .text.nrf_cc3xx_platform_set_mutexes
                0x0000000000003ad4       0x74 C:/ncs/v2.9.0/nrfxlib/crypto/nrf_cc310_platform/lib/cortex-m4/soft-float/no-interrupts/libnrf_cc310_platform_0.9.19.a(nrf_cc3xx_platform_mutex.c.obj)
                0x0000000000003ad4                nrf_cc3xx_platform_set_mutexes
 .text.CC_LibInitNoRng
                0x0000000000003b48       0x64 C:/ncs/v2.9.0/nrfxlib/crypto/nrf_cc310_platform/lib/cortex-m4/soft-float/no-interrupts/libnrf_cc310_platform_0.9.19.a(cc_lib.c.obj)
                0x0000000000003b48                CC_LibInitNoRng
 .text.CC_HalInit
                0x0000000000003bac        0x4 C:/ncs/v2.9.0/nrfxlib/crypto/nrf_cc310_platform/lib/cortex-m4/soft-float/no-interrupts/libnrf_cc310_platform_0.9.19.a(cc_hal.c.obj)
                0x0000000000003bac                CC_HalInit
 .text.CC_HalTerminate
                0x0000000000003bb0        0x4 C:/ncs/v2.9.0/nrfxlib/crypto/nrf_cc310_platform/lib/cortex-m4/soft-float/no-interrupts/libnrf_cc310_platform_0.9.19.a(cc_hal.c.obj)
                0x0000000000003bb0                CC_HalTerminate
 .text.CC_HalMaskInterrupt
                0x0000000000003bb4        0xc C:/ncs/v2.9.0/nrfxlib/crypto/nrf_cc310_platform/lib/cortex-m4/soft-float/no-interrupts/libnrf_cc310_platform_0.9.19.a(cc_hal.c.obj)
                0x0000000000003bb4                CC_HalMaskInterrupt
 .text.CC_PalInit
                0x0000000000003bc0       0x5c C:/ncs/v2.9.0/nrfxlib/crypto/nrf_cc310_platform/lib/cortex-m4/soft-float/no-interrupts/libnrf_cc310_platform_0.9.19.a(cc_pal.c.obj)
                0x0000000000003bc0                CC_PalInit
 .text.CC_PalTerminate
                0x0000000000003c1c       0x34 C:/ncs/v2.9.0/nrfxlib/crypto/nrf_cc310_platform/lib/cortex-m4/soft-float/no-interrupts/libnrf_cc310_platform_0.9.19.a(cc_pal.c.obj)
                0x0000000000003c1c                CC_PalTerminate
 .text.CC_PalDmaInit
                0x0000000000003c50        0x4 C:/ncs/v2.9.0/nrfxlib/crypto/nrf_cc310_platform/lib/cortex-m4/soft-float/no-interrupts/libnrf_cc310_platform_0.9.19.a(cc_pal_dma.c.obj)
                0x0000000000003c50                CC_PalDmaInit
 .text.CC_PalDmaTerminate
                0x0000000000003c54        0x4 C:/ncs/v2.9.0/nrfxlib/crypto/nrf_cc310_platform/lib/cortex-m4/soft-float/no-interrupts/libnrf_cc310_platform_0.9.19.a(cc_pal_dma.c.obj)
                0x0000000000003c54                CC_PalDmaTerminate
 .text.CC_PalMutexCreate
                0x0000000000003c58       0x14 C:/ncs/v2.9.0/nrfxlib/crypto/nrf_cc310_platform/lib/cortex-m4/soft-float/no-interrupts/libnrf_cc310_platform_0.9.19.a(cc_pal_mutex.c.obj)
                0x0000000000003c58                CC_PalMutexCreate
 .text.CC_PalMutexDestroy
                0x0000000000003c6c       0x14 C:/ncs/v2.9.0/nrfxlib/crypto/nrf_cc310_platform/lib/cortex-m4/soft-float/no-interrupts/libnrf_cc310_platform_0.9.19.a(cc_pal_mutex.c.obj)
                0x0000000000003c6c                CC_PalMutexDestroy
 .text.CC_PalPowerSaveModeInit
                0x0000000000003c80       0x3c C:/ncs/v2.9.0/nrfxlib/crypto/nrf_cc310_platform/lib/cortex-m4/soft-float/no-interrupts/libnrf_cc310_platform_0.9.19.a(cc_pal_pm.c.obj)
                0x0000000000003c80                CC_PalPowerSaveModeInit
 .text.CC_PalPowerSaveModeSelect
                0x0000000000003cbc       0x84 C:/ncs/v2.9.0/nrfxlib/crypto/nrf_cc310_platform/lib/cortex-m4/soft-float/no-interrupts/libnrf_cc310_platform_0.9.19.a(cc_pal_pm.c.obj)
                0x0000000000003cbc                CC_PalPowerSaveModeSelect
 .text.__l_vfprintf
                0x0000000000003d40      0x4b8 c:\ncs\toolchains\b620d30767\opt\zephyr-sdk\arm-zephyr-eabi\bin\../lib/gcc/../../picolibc/arm-zephyr-eabi/lib/thumb/v7e-m/nofp\libc.a(libc_tinystdio_vflprintf.c.o)
                0x0000000000003d40                __l_vfprintf
 .text._OffsetAbsSyms
                0x00000000000041f8        0x2 zephyr/CMakeFiles/offsets.dir/./arch/arm/core/offsets/offsets.c.obj
                0x00000000000041f8                _OffsetAbsSyms
 .text.sum      0x00000000000041fa        0x4 app/libapp.a(calc.c.obj)
                0x00000000000041fa                sum
 .text.chunk_field
                0x00000000000041fe       0x16 zephyr/libzephyr.a(heap.c.obj)
 .text.chunk_set
                0x0000000000004214       0x16 zephyr/libzephyr.a(heap.c.obj)
 .text.chunk_size
                0x000000000000422a        0xc zephyr/libzephyr.a(heap.c.obj)
 .text.set_chunk_used
                0x0000000000004236       0x30 zephyr/libzephyr.a(heap.c.obj)
 .text.set_chunk_size
                0x0000000000004266        0x8 zephyr/libzephyr.a(heap.c.obj)
 .text.bucket_idx.isra.0
                0x000000000000426e       0x1c zephyr/libzephyr.a(heap.c.obj)
 .text.free_list_add
                0x000000000000428a       0x84 zephyr/libzephyr.a(heap.c.obj)
 .text.sys_heap_init
                0x000000000000430e       0xb0 zephyr/libzephyr.a(heap.c.obj)
                0x000000000000430e                sys_heap_init
 .text.arch_printk_char_out
                0x00000000000043be        0x4 zephyr/libzephyr.a(printk.c.obj)
                0x00000000000043be                arch_printk_char_out
 .text.printk   0x00000000000043c2       0x1a zephyr/libzephyr.a(printk.c.obj)
                0x00000000000043c2                printk
 .text.process_recheck
                0x00000000000043dc       0x38 zephyr/libzephyr.a(onoff.c.obj)
 .text.validate_args
                0x0000000000004414       0x20 zephyr/libzephyr.a(onoff.c.obj)
 .text.notify_one
                0x0000000000004434       0x2c zephyr/libzephyr.a(onoff.c.obj)
 .text.transition_complete
                0x0000000000004460       0x1a zephyr/libzephyr.a(onoff.c.obj)
 .text.onoff_manager_init
                0x000000000000447a       0x26 zephyr/libzephyr.a(onoff.c.obj)
                0x000000000000447a                onoff_manager_init
 .text.onoff_request
                0x00000000000044a0       0xae zephyr/libzephyr.a(onoff.c.obj)
                0x00000000000044a0                onoff_request
 .text.sys_notify_validate
                0x000000000000454e       0x22 zephyr/libzephyr.a(notify.c.obj)
                0x000000000000454e                sys_notify_validate
 .text.sys_notify_finalize
                0x0000000000004570       0x1a zephyr/libzephyr.a(notify.c.obj)
                0x0000000000004570                sys_notify_finalize
 .text._ConfigAbsSyms
                0x000000000000458a        0x2 zephyr/libzephyr.a(configs.c.obj)
                0x000000000000458a                _ConfigAbsSyms
 .text.abort_function
                0x000000000000458c        0x2 zephyr/libzephyr.a(nrf_cc3xx_platform_abort_zephyr.c.obj)
 .text.z_arm_fatal_error
                0x000000000000458e        0xc zephyr/arch/arch/arm/core/libarch__arm__core.a(fatal.c.obj)
                0x000000000000458e                z_arm_fatal_error
 .text.z_do_kernel_oops
                0x000000000000459a        0x8 zephyr/arch/arch/arm/core/libarch__arm__core.a(fatal.c.obj)
                0x000000000000459a                z_do_kernel_oops
 .text.z_arm_nmi
                0x00000000000045a2        0xe zephyr/arch/arch/arm/core/libarch__arm__core.a(nmi.c.obj)
                0x00000000000045a2                z_arm_nmi
 .text.z_irq_spurious
                0x00000000000045b0        0x8 zephyr/arch/arch/arm/core/cortex_m/libarch__arm__core__cortex_m.a(irq_manage.c.obj)
                0x00000000000045b0                z_irq_spurious
 .text.arch_irq_unlock_outlined
                0x00000000000045b8        0xe zephyr/arch/arch/arm/core/cortex_m/libarch__arm__core__cortex_m.a(thread.c.obj)
                0x00000000000045b8                arch_irq_unlock_outlined
 .text.arch_cpu_idle
                0x00000000000045c6       0x1a zephyr/arch/arch/arm/core/cortex_m/libarch__arm__core__cortex_m.a(cpu_idle.c.obj)
                0x00000000000045c6                arch_cpu_idle
 .text.arch_cpu_atomic_idle
                0x00000000000045e0       0x1e zephyr/arch/arch/arm/core/cortex_m/libarch__arm__core__cortex_m.a(cpu_idle.c.obj)
                0x00000000000045e0                arch_cpu_atomic_idle
 .text.size_to_mpu_rasr_size
                0x00000000000045fe       0x20 zephyr/arch/arch/arm/core/mpu/libarch__arm__core__mpu.a(arm_mpu.c.obj)
 .text.picolibc_put
                0x000000000000461e        0xa zephyr/lib/libc/picolibc/liblib__libc__picolibc.a(libc-hooks.c.obj)
 .text.get_status
                0x0000000000004628       0x12 zephyr/drivers/clock_control/libdrivers__clock_control.a(clock_control_nrf.c.obj)
 .text.stop     0x000000000000463a       0x52 zephyr/drivers/clock_control/libdrivers__clock_control.a(clock_control_nrf.c.obj)
 .text.api_stop
                0x000000000000468c        0x6 zephyr/drivers/clock_control/libdrivers__clock_control.a(clock_control_nrf.c.obj)
 .text.async_start
                0x0000000000004692       0x5c zephyr/drivers/clock_control/libdrivers__clock_control.a(clock_control_nrf.c.obj)
 .text.api_start
                0x00000000000046ee        0xe zephyr/drivers/clock_control/libdrivers__clock_control.a(clock_control_nrf.c.obj)
 .text.onoff_started_callback
                0x00000000000046fc       0x12 zephyr/drivers/clock_control/libdrivers__clock_control.a(clock_control_nrf.c.obj)
 .text.lfclk_start
                0x000000000000470e        0x6 zephyr/drivers/clock_control/libdrivers__clock_control.a(clock_control_nrf.c.obj)
 .text.lfclk_stop
                0x0000000000004714        0x6 zephyr/drivers/clock_control/libdrivers__clock_control.a(clock_control_nrf.c.obj)
 .text.blocking_start_callback
                0x000000000000471a        0x6 zephyr/drivers/clock_control/libdrivers__clock_control.a(clock_control_nrf.c.obj)
 .text.gpio_nrfx_port_get_raw
                0x0000000000004720        0xe zephyr/drivers/gpio/libdrivers__gpio.a(gpio_nrfx.c.obj)
 .text.gpio_nrfx_port_set_masked_raw
                0x000000000000472e       0x18 zephyr/drivers/gpio/libdrivers__gpio.a(gpio_nrfx.c.obj)
 .text.gpio_nrfx_port_set_bits_raw
                0x0000000000004746        0xc zephyr/drivers/gpio/libdrivers__gpio.a(gpio_nrfx.c.obj)
 .text.gpio_nrfx_port_clear_bits_raw
                0x0000000000004752        0xc zephyr/drivers/gpio/libdrivers__gpio.a(gpio_nrfx.c.obj)
 .text.gpio_nrfx_port_toggle_bits
                0x000000000000475e       0x1a zephyr/drivers/gpio/libdrivers__gpio.a(gpio_nrfx.c.obj)
 .text.gpio_nrfx_manage_callback
                0x0000000000004778       0x52 zephyr/drivers/gpio/libdrivers__gpio.a(gpio_nrfx.c.obj)
 .text.pinctrl_lookup_state
                0x00000000000047ca       0x26 zephyr/drivers/pinctrl/libdrivers__pinctrl.a(common.c.obj)
                0x00000000000047ca                pinctrl_lookup_state
 .text.uarte_nrfx_err_check
                0x00000000000047f0        0xe zephyr/drivers/serial/libdrivers__serial.a(uart_nrfx_uarte.c.obj)
 .text.uarte_nrfx_poll_in
                0x00000000000047fe       0x26 zephyr/drivers/serial/libdrivers__serial.a(uart_nrfx_uarte.c.obj)
 .text.is_tx_ready.isra.0
                0x0000000000004824       0x20 zephyr/drivers/serial/libdrivers__serial.a(uart_nrfx_uarte.c.obj)
 .text.uarte_nrfx_isr_int
                0x0000000000004844       0x42 zephyr/drivers/serial/libdrivers__serial.a(uart_nrfx_uarte.c.obj)
 .text.event_clear
                0x0000000000004886       0x18 zephyr/drivers/timer/libdrivers__timer.a(nrf_rtc_timer.c.obj)
 .text.hw_cc3xx_init_internal
                0x000000000000489e        0x4 modules/nrf/drivers/hw_cc3xx/lib..__nrf__drivers__hw_cc3xx.a(hw_cc3xx.c.obj)
 .text.hw_cc3xx_init
                0x00000000000048a2       0x12 modules/nrf/drivers/hw_cc3xx/lib..__nrf__drivers__hw_cc3xx.a(hw_cc3xx.c.obj)
 .text.nrfx_isr
                0x00000000000048b4        0x2 modules/hal_nordic/nrfx/libmodules__hal_nordic__nrfx.a(nrfx_glue.c.obj)
                0x00000000000048b4                nrfx_isr
 .text.nrfx_busy_wait
                0x00000000000048b6        0x4 modules/hal_nordic/nrfx/libmodules__hal_nordic__nrfx.a(nrfx_glue.c.obj)
                0x00000000000048b6                nrfx_busy_wait
 .text.nrfx_gppi_channel_endpoints_setup
                0x00000000000048ba       0x14 modules/hal_nordic/nrfx/libmodules__hal_nordic__nrfx.a(nrfx_gppi_ppi.c.obj)
                0x00000000000048ba                nrfx_gppi_channel_endpoints_setup
 .text.nrfx_gppi_channel_alloc
                0x00000000000048ce        0x4 modules/hal_nordic/nrfx/libmodules__hal_nordic__nrfx.a(nrfx_gppi_ppi.c.obj)
                0x00000000000048ce                nrfx_gppi_channel_alloc
 .text.nrfx_clock_stop
                0x00000000000048d2        0x4 modules/hal_nordic/nrfx/libmodules__hal_nordic__nrfx.a(nrfx_clock.c.obj)
                0x00000000000048d2                nrfx_clock_stop
 .text.nrf_gpio_reconfigure
                0x00000000000048d6       0x92 modules/hal_nordic/nrfx/libmodules__hal_nordic__nrfx.a(nrfx_gpiote.c.obj)
 .text.nrf_gpio_cfg_sense_set
                0x0000000000004968       0x1e modules/hal_nordic/nrfx/libmodules__hal_nordic__nrfx.a(nrfx_gpiote.c.obj)
 .text.pin_trigger_disable
                0x0000000000004986       0x48 modules/hal_nordic/nrfx/libmodules__hal_nordic__nrfx.a(nrfx_gpiote.c.obj)
 .text.nrfx_gpiote_pin_uninit
                0x00000000000049ce        0x4 modules/hal_nordic/nrfx/libmodules__hal_nordic__nrfx.a(nrfx_gpiote.c.obj)
                0x00000000000049ce                nrfx_gpiote_pin_uninit
 .text.nrfx_gpiote_trigger_disable
                0x00000000000049d2        0x4 modules/hal_nordic/nrfx/libmodules__hal_nordic__nrfx.a(nrfx_gpiote.c.obj)
                0x00000000000049d2                nrfx_gpiote_trigger_disable
 .text.SEGGER_RTT_Init
                0x00000000000049d6        0x4 modules/segger/libmodules__segger.a(SEGGER_RTT.c.obj)
                0x00000000000049d6                SEGGER_RTT_Init
 .text.rtt_init
                0x00000000000049da        0xa modules/segger/libmodules__segger.a(SEGGER_RTT_zephyr.c.obj)
 .text.z_impl_k_busy_wait
                0x00000000000049e4        0x8 zephyr/kernel/libkernel.a(busy_wait.c.obj)
                0x00000000000049e4                z_impl_k_busy_wait
 .text.z_device_state_init
                0x00000000000049ec        0x2 zephyr/kernel/libkernel.a(device.c.obj)
                0x00000000000049ec                z_device_state_init
 .text.z_impl_device_is_ready
                0x00000000000049ee       0x16 zephyr/kernel/libkernel.a(device.c.obj)
                0x00000000000049ee                z_impl_device_is_ready
 .text.arch_system_halt
                0x0000000000004a04       0x10 zephyr/kernel/libkernel.a(fatal.c.obj)
                0x0000000000004a04                arch_system_halt
 .text.k_sys_fatal_error_handler
                0x0000000000004a14        0x6 zephyr/kernel/libkernel.a(fatal.c.obj)
                0x0000000000004a14                k_sys_fatal_error_handler
 .text.do_device_init
                0x0000000000004a1a       0x30 zephyr/kernel/libkernel.a(init.c.obj)
 .text.z_early_memset
                0x0000000000004a4a        0x4 zephyr/kernel/libkernel.a(init.c.obj)
                0x0000000000004a4a                z_early_memset
 .text.z_early_memcpy
                0x0000000000004a4e        0x4 zephyr/kernel/libkernel.a(init.c.obj)
                0x0000000000004a4e                z_early_memcpy
 .text.z_init_static
                0x0000000000004a52        0x2 zephyr/kernel/libkernel.a(init_static.c.obj)
                0x0000000000004a52                z_init_static
 .text.create_free_list
                0x0000000000004a54       0x34 zephyr/kernel/libkernel.a(mem_slab.c.obj)
 .text.k_mem_slab_init
                0x0000000000004a88       0x1c zephyr/kernel/libkernel.a(mem_slab.c.obj)
                0x0000000000004a88                k_mem_slab_init
 .text.k_mem_slab_free
                0x0000000000004aa4       0x4a zephyr/kernel/libkernel.a(mem_slab.c.obj)
                0x0000000000004aa4                k_mem_slab_free
 .text.idle     0x0000000000004aee       0x16 zephyr/kernel/libkernel.a(idle.c.obj)
                0x0000000000004aee                idle
 .text.adjust_owner_prio.isra.0
                0x0000000000004b04       0x10 zephyr/kernel/libkernel.a(mutex.c.obj)
 .text.z_impl_k_mutex_init
                0x0000000000004b14        0xe zephyr/kernel/libkernel.a(mutex.c.obj)
                0x0000000000004b14                z_impl_k_mutex_init
 .text.k_is_in_isr
                0x0000000000004b22        0xc zephyr/kernel/libkernel.a(thread.c.obj)
                0x0000000000004b22                k_is_in_isr
 .text.z_impl_k_thread_start
                0x0000000000004b2e        0x4 zephyr/kernel/libkernel.a(thread.c.obj)
                0x0000000000004b2e                z_impl_k_thread_start
 .text.sys_dlist_remove
                0x0000000000004b32       0x10 zephyr/kernel/libkernel.a(sched.c.obj)
 .text.unpend_thread_no_timeout
                0x0000000000004b42       0x14 zephyr/kernel/libkernel.a(sched.c.obj)
 .text.add_to_waitq_locked
                0x0000000000004b56       0x50 zephyr/kernel/libkernel.a(sched.c.obj)
 .text.z_ready_thread
                0x0000000000004ba6       0x1e zephyr/kernel/libkernel.a(sched.c.obj)
                0x0000000000004ba6                z_ready_thread
 .text.z_impl_k_thread_suspend
                0x0000000000004bc4       0x34 zephyr/kernel/libkernel.a(sched.c.obj)
                0x0000000000004bc4                z_impl_k_thread_suspend
 .text.z_sched_wake_thread
                0x0000000000004bf8       0x42 zephyr/kernel/libkernel.a(sched.c.obj)
                0x0000000000004bf8                z_sched_wake_thread
 .text.z_thread_timeout
                0x0000000000004c3a        0x8 zephyr/kernel/libkernel.a(sched.c.obj)
                0x0000000000004c3a                z_thread_timeout
 .text.z_unpend_first_thread
                0x0000000000004c42       0x36 zephyr/kernel/libkernel.a(sched.c.obj)
                0x0000000000004c42                z_unpend_first_thread
 .text.z_thread_abort
                0x0000000000004c78       0x44 zephyr/kernel/libkernel.a(sched.c.obj)
                0x0000000000004c78                z_thread_abort
 .text.z_abort_timeout
                0x0000000000004cbc       0x2a zephyr/kernel/libkernel.a(timeout.c.obj)
                0x0000000000004cbc                z_abort_timeout
 .text.sys_clock_tick_get_32
                0x0000000000004ce6        0x8 zephyr/kernel/libkernel.a(timeout.c.obj)
                0x0000000000004ce6                sys_clock_tick_get_32
 .text.memcpy   0x0000000000004cee       0x1c c:\ncs\toolchains\b620d30767\opt\zephyr-sdk\arm-zephyr-eabi\bin\../lib/gcc/../../picolibc/arm-zephyr-eabi/lib/thumb/v7e-m/nofp\libc.a(memcpy.c.o)
                0x0000000000004cee                __aeabi_memcpy
                0x0000000000004cee                __aeabi_memcpy4
                0x0000000000004cee                __aeabi_memcpy8
                0x0000000000004cee                memcpy
 .text.memset   0x0000000000004d0a       0x10 c:\ncs\toolchains\b620d30767\opt\zephyr-sdk\arm-zephyr-eabi\bin\../lib/gcc/../../picolibc/arm-zephyr-eabi/lib/thumb/v7e-m/nofp\libc.a(memset.c.o)
                0x0000000000004d0a                memset
 .text.strnlen  0x0000000000004d1a       0x18 c:\ncs\toolchains\b620d30767\opt\zephyr-sdk\arm-zephyr-eabi\bin\../lib/gcc/../../picolibc/arm-zephyr-eabi/lib/thumb/v7e-m/nofp\libc.a(libc_string_strnlen.c.o)
                0x0000000000004d1a                strnlen
 .text.__ultoa_invert
                0x0000000000004d32       0xae c:\ncs\toolchains\b620d30767\opt\zephyr-sdk\arm-zephyr-eabi\bin\../lib/gcc/../../picolibc/arm-zephyr-eabi/lib/thumb/v7e-m/nofp\libc.a(libc_tinystdio_vflprintf.c.o)
 *(SORT_BY_ALIGNMENT(.TEXT.*))
 .TEXT.__aeabi_read_tp
                0x0000000000004de0        0xc zephyr/arch/arch/arm/core/cortex_m/libarch__arm__core__cortex_m.a(__aeabi_read_tp.S.obj)
                0x0000000000004de0                __aeabi_read_tp
 *(SORT_BY_ALIGNMENT(.gnu.linkonce.t.*))
 *(SORT_BY_ALIGNMENT(.glue_7t))
 .glue_7t       0x0000000000004dec        0x0 linker stubs
 *(SORT_BY_ALIGNMENT(.glue_7))
 .glue_7        0x0000000000004dec        0x0 linker stubs
 *(SORT_BY_ALIGNMENT(.vfp11_veneer))
 .vfp11_veneer  0x0000000000004dec        0x0 linker stubs
 *(SORT_BY_ALIGNMENT(.v4_bx))
 .v4_bx         0x0000000000004dec        0x0 linker stubs
                0x0000000000004dec                . = ALIGN (0x4)
                0x0000000000004dec                __text_region_end = .

.ARM.exidx      0x0000000000004dec        0x0
                0x0000000000004dec                __exidx_start = .
 *(SORT_BY_ALIGNMENT(.ARM.exidx*) SORT_BY_ALIGNMENT(gnu.linkonce.armexidx.*))
                0x0000000000004dec                __exidx_end = .
                0x0000000000004dec                __rodata_region_start = .

initlevel       0x0000000000004dec       0x60
                0x0000000000004dec                __init_start = .
                0x0000000000004dec                __init_EARLY_start = .
 *(SORT_BY_NAME(SORT_BY_ALIGNMENT(.z_init_EARLY?_*)))
 *(SORT_BY_NAME(SORT_BY_ALIGNMENT(.z_init_EARLY??_*)))
                0x0000000000004dec                __init_PRE_KERNEL_1_start = .
 *(SORT_BY_NAME(SORT_BY_ALIGNMENT(.z_init_PRE_KERNEL_1?_*)))
 .z_init_PRE_KERNEL_10_0_
                0x0000000000004dec        0x8 zephyr/soc/soc/nrf52840/libsoc__nordic.a(soc.c.obj)
 *(SORT_BY_NAME(SORT_BY_ALIGNMENT(.z_init_PRE_KERNEL_1??_*)))
 .z_init_PRE_KERNEL_130_00075_
                0x0000000000004df4        0x8 zephyr/drivers/clock_control/libdrivers__clock_control.a(clock_control_nrf.c.obj)
 .z_init_PRE_KERNEL_130_0_
                0x0000000000004dfc        0x8 modules/segger/libmodules__segger.a(SEGGER_RTT_zephyr.c.obj)
 .z_init_PRE_KERNEL_130_0_
                0x0000000000004e04        0x8 zephyr/kernel/libkernel.a(mem_slab.c.obj)
 .z_init_PRE_KERNEL_140_00011_
                0x0000000000004e0c        0x8 zephyr/drivers/gpio/libdrivers__gpio.a(gpio_nrfx.c.obj)
 .z_init_PRE_KERNEL_140_00105_
                0x0000000000004e14        0x8 zephyr/drivers/gpio/libdrivers__gpio.a(gpio_nrfx.c.obj)
 .z_init_PRE_KERNEL_140_0_
                0x0000000000004e1c        0x8 modules/nrf/drivers/hw_cc3xx/lib..__nrf__drivers__hw_cc3xx.a(hw_cc3xx.c.obj)
 .z_init_PRE_KERNEL_150_00113_
                0x0000000000004e24        0x8 zephyr/drivers/serial/libdrivers__serial.a(uart_nrfx_uarte.c.obj)
 .z_init_PRE_KERNEL_160_0_
                0x0000000000004e2c        0x8 zephyr/drivers/console/libdrivers__console.a(uart_console.c.obj)
                0x0000000000004e34                __init_PRE_KERNEL_2_start = .
 *(SORT_BY_NAME(SORT_BY_ALIGNMENT(.z_init_PRE_KERNEL_2?_*)))
 .z_init_PRE_KERNEL_20_0_
                0x0000000000004e34        0x8 zephyr/drivers/timer/libdrivers__timer.a(nrf_rtc_timer.c.obj)
 *(SORT_BY_NAME(SORT_BY_ALIGNMENT(.z_init_PRE_KERNEL_2??_*)))
                0x0000000000004e3c                __init_POST_KERNEL_start = .
 *(SORT_BY_NAME(SORT_BY_ALIGNMENT(.z_init_POST_KERNEL?_*)))
 *(SORT_BY_NAME(SORT_BY_ALIGNMENT(.z_init_POST_KERNEL??_*)))
 .z_init_POST_KERNEL35_0_
                0x0000000000004e3c        0x8 zephyr/lib/libc/common/liblib__libc__common.a(malloc.c.obj)
 .z_init_POST_KERNEL40_0_
                0x0000000000004e44        0x8 modules/nrf/drivers/hw_cc3xx/lib..__nrf__drivers__hw_cc3xx.a(hw_cc3xx.c.obj)
                0x0000000000004e4c                __init_APPLICATION_start = .
 *(SORT_BY_NAME(SORT_BY_ALIGNMENT(.z_init_APPLICATION?_*)))
 *(SORT_BY_NAME(SORT_BY_ALIGNMENT(.z_init_APPLICATION??_*)))
                0x0000000000004e4c                __init_SMP_start = .
 *(SORT_BY_NAME(SORT_BY_ALIGNMENT(.z_init_SMP?_*)))
 *(SORT_BY_NAME(SORT_BY_ALIGNMENT(.z_init_SMP??_*)))
                0x0000000000004e4c                __init_end = .
                0x0000000000004e4c                __deferred_init_list_start = .
 *(SORT_BY_ALIGNMENT(.z_deferred_init*))
                0x0000000000004e4c                __deferred_init_list_end = .

device_area     0x0000000000004e4c       0x50
                0x0000000000004e4c                _device_list_start = .
 *(SORT_BY_NAME(SORT_BY_ALIGNMENT(._device.static.*_?_*)))
 *(SORT_BY_NAME(SORT_BY_ALIGNMENT(._device.static.*_??_*)))
 ._device.static.1_30_
                0x0000000000004e4c       0x14 zephyr/drivers/clock_control/libdrivers__clock_control.a(clock_control_nrf.c.obj)
                0x0000000000004e4c                __device_dts_ord_75
 ._device.static.1_40_
                0x0000000000004e60       0x28 zephyr/drivers/gpio/libdrivers__gpio.a(gpio_nrfx.c.obj)
                0x0000000000004e60                __device_dts_ord_105
                0x0000000000004e74                __device_dts_ord_11
 ._device.static.1_50_
                0x0000000000004e88       0x14 zephyr/drivers/serial/libdrivers__serial.a(uart_nrfx_uarte.c.obj)
                0x0000000000004e88                __device_dts_ord_113
                0x0000000000004e9c                _device_list_end = .

sw_isr_table    0x0000000000004e9c      0x180
                0x0000000000004e9c                . = ALIGN (0x4)
 *(SORT_BY_ALIGNMENT(.gnu.linkonce.sw_isr_table*))
 .gnu.linkonce.sw_isr_table
                0x0000000000004e9c      0x180 zephyr/CMakeFiles/zephyr_final.dir/isr_tables.c.obj
                0x0000000000004e9c                _sw_isr_table

initlevel_error
                0x0000000000004dec        0x0
 *(SORT_BY_NAME(SORT_BY_ALIGNMENT(.z_init_[_A-Z0-9]*)))
                0x0000000000000001                ASSERT ((SIZEOF (initlevel_error) == 0x0), Undefined initialization levels used.)

app_shmem_regions
                0x000000000000501c        0x0
                0x000000000000501c                __app_shmem_regions_start = .
 *(SORT_BY_NAME(SORT_BY_ALIGNMENT(.app_regions.*)))
                0x000000000000501c                __app_shmem_regions_end = .

k_p4wq_initparam_area
                0x000000000000501c        0x0
                0x000000000000501c                _k_p4wq_initparam_list_start = .
 *(SORT_BY_NAME(SORT_BY_ALIGNMENT(._k_p4wq_initparam.static.*)))
                0x000000000000501c                _k_p4wq_initparam_list_end = .

_static_thread_data_area
                0x000000000000501c        0x0
                0x000000000000501c                __static_thread_data_list_start = .
 *(SORT_BY_NAME(SORT_BY_ALIGNMENT(.__static_thread_data.static.*)))
                0x000000000000501c                __static_thread_data_list_end = .

device_deps     0x000000000000501c        0x0
                0x000000000000501c                __device_deps_start = .
 *(SORT_BY_NAME(SORT_BY_ALIGNMENT(.__device_deps_pass2*)))
                0x000000000000501c                __device_deps_end = .

ztest           0x000000000000501c        0x0
                0x000000000000501c                _ztest_expected_result_entry_list_start = .
 *(SORT_BY_NAME(SORT_BY_ALIGNMENT(._ztest_expected_result_entry.static.*)))
                0x000000000000501c                _ztest_expected_result_entry_list_end = .
                0x000000000000501c                _ztest_suite_node_list_start = .
 *(SORT_BY_NAME(SORT_BY_ALIGNMENT(._ztest_suite_node.static.*)))
                0x000000000000501c                _ztest_suite_node_list_end = .
                0x000000000000501c                _ztest_unit_test_list_start = .
 *(SORT_BY_NAME(SORT_BY_ALIGNMENT(._ztest_unit_test.static.*)))
                0x000000000000501c                _ztest_unit_test_list_end = .
                0x000000000000501c                _ztest_test_rule_list_start = .
 *(SORT_BY_NAME(SORT_BY_ALIGNMENT(._ztest_test_rule.static.*)))
                0x000000000000501c                _ztest_test_rule_list_end = .

init_array      0x000000000000501c        0x0
 *(SORT_BY_NAME(SORT_BY_ALIGNMENT(.ctors*)))
 *(SORT_BY_NAME(SORT_BY_ALIGNMENT(.init_array*)))
                0x0000000000000001                ASSERT ((SIZEOF (init_array) == 0x0), GNU-style constructors required but STATIC_INIT_GNU not enabled)

bt_l2cap_fixed_chan_area
                0x000000000000501c        0x0
                0x000000000000501c                _bt_l2cap_fixed_chan_list_start = .
 *(SORT_BY_NAME(SORT_BY_ALIGNMENT(._bt_l2cap_fixed_chan.static.*)))
                0x000000000000501c                _bt_l2cap_fixed_chan_list_end = .

bt_gatt_service_static_area
                0x000000000000501c        0x0
                0x000000000000501c                _bt_gatt_service_static_list_start = .
 *(SORT_BY_NAME(SORT_BY_ALIGNMENT(._bt_gatt_service_static.static.*)))
                0x000000000000501c                _bt_gatt_service_static_list_end = .

log_strings_area
                0x000000000000501c        0x0
                0x000000000000501c                _log_strings_list_start = .
 *(SORT_BY_NAME(SORT_BY_ALIGNMENT(._log_strings.static.*)))
                0x000000000000501c                _log_strings_list_end = .

log_const_area  0x000000000000501c        0x0
                0x000000000000501c                _log_const_list_start = .
 *(SORT_BY_NAME(SORT_BY_ALIGNMENT(._log_const.static.*)))
                0x000000000000501c                _log_const_list_end = .

log_backend_area
                0x000000000000501c        0x0
                0x000000000000501c                _log_backend_list_start = .
 *(SORT_BY_NAME(SORT_BY_ALIGNMENT(._log_backend.static.*)))
                0x000000000000501c                _log_backend_list_end = .

log_link_area   0x000000000000501c        0x0
                0x000000000000501c                _log_link_list_start = .
 *(SORT_BY_NAME(SORT_BY_ALIGNMENT(._log_link.static.*)))
                0x000000000000501c                _log_link_list_end = .

tracing_backend_area
                0x000000000000501c        0x0
                0x000000000000501c                _tracing_backend_list_start = .
 *(SORT_BY_NAME(SORT_BY_ALIGNMENT(._tracing_backend.static.*)))
                0x000000000000501c                _tracing_backend_list_end = .

zephyr_dbg_info
 *(SORT_BY_ALIGNMENT(.dbg_thread_info))

intc_table_area
                0x000000000000501c        0x0
                0x000000000000501c                _intc_table_list_start = .
 *(SORT_BY_NAME(SORT_BY_ALIGNMENT(._intc_table.static.*)))
                0x000000000000501c                _intc_table_list_end = .

symbol_to_keep  0x000000000000501c        0x0
                0x000000000000501c                __symbol_to_keep_start = .
 *(SORT_BY_NAME(SORT_BY_ALIGNMENT(.symbol_to_keep*)))
                0x000000000000501c                __symbol_to_keep_end = .

shell_area      0x000000000000501c        0x0
                0x000000000000501c                _shell_list_start = .
 *(SORT_BY_NAME(SORT_BY_ALIGNMENT(._shell.static.*)))
                0x000000000000501c                _shell_list_end = .

shell_root_cmds_area
                0x000000000000501c        0x0
                0x000000000000501c                _shell_root_cmds_list_start = .
 *(SORT_BY_NAME(SORT_BY_ALIGNMENT(._shell_root_cmds.static.*)))
                0x000000000000501c                _shell_root_cmds_list_end = .

shell_subcmds_area
                0x000000000000501c        0x0
                0x000000000000501c                _shell_subcmds_list_start = .
 *(SORT_BY_NAME(SORT_BY_ALIGNMENT(._shell_subcmds.static.*)))
                0x000000000000501c                _shell_subcmds_list_end = .

shell_dynamic_subcmds_area
                0x000000000000501c        0x0
                0x000000000000501c                _shell_dynamic_subcmds_list_start = .
 *(SORT_BY_NAME(SORT_BY_ALIGNMENT(._shell_dynamic_subcmds.static.*)))
                0x000000000000501c                _shell_dynamic_subcmds_list_end = .

cfb_font_area   0x000000000000501c        0x0
                0x000000000000501c                _cfb_font_list_start = .
 *(SORT_BY_NAME(SORT_BY_ALIGNMENT(._cfb_font.static.*)))
                0x000000000000501c                _cfb_font_list_end = .

tdata           0x000000000000501c        0x0
 *(SORT_BY_ALIGNMENT(.tdata) SORT_BY_ALIGNMENT(.tdata.*) SORT_BY_ALIGNMENT(.gnu.linkonce.td.*))

tbss            0x000000000000501c        0x4
 *(SORT_BY_ALIGNMENT(.tbss) SORT_BY_ALIGNMENT(.tbss.*) SORT_BY_ALIGNMENT(.gnu.linkonce.tb.*) SORT_BY_ALIGNMENT(.tcommon))
 .tbss.z_tls_current
                0x000000000000501c        0x4 zephyr/libzephyr.a(thread_entry.c.obj)
                0x000000000000501c                z_tls_current
                0x000000000000501c                PROVIDE (__tdata_start = LOADADDR (tdata))
                0x0000000000000001                PROVIDE (__tdata_align = ALIGNOF (tdata))
                0x0000000000000000                PROVIDE (__tdata_size = (((SIZEOF (tdata) + __tdata_align) - 0x1) & ~ ((__tdata_align - 0x1))))
                [!provide]                        PROVIDE (__tdata_end = (__tdata_start + __tdata_size))
                0x0000000000000004                PROVIDE (__tbss_align = ALIGNOF (tbss))
                [!provide]                        PROVIDE (__tbss_start = ADDR (tbss))
                0x0000000000000004                PROVIDE (__tbss_size = (((SIZEOF (tbss) + __tbss_align) - 0x1) & ~ ((__tbss_align - 0x1))))
                [!provide]                        PROVIDE (__tbss_end = (__tbss_start + __tbss_size))
                [!provide]                        PROVIDE (__tls_start = __tdata_start)
                [!provide]                        PROVIDE (__tls_end = __tbss_end)
                [!provide]                        PROVIDE (__tls_size = (__tbss_end - __tdata_start))

rodata          0x0000000000005020      0x344
 *(SORT_BY_ALIGNMENT(.rodata))
 *(SORT_BY_ALIGNMENT(.rodata.*))
 .rodata.delay_machine_code.0
                0x0000000000005020        0x6 zephyr/soc/soc/nrf52840/libsoc__nordic.a(soc.c.obj)
 *fill*         0x0000000000005026        0x2 
 .rodata.mem_attr_region
                0x0000000000005028        0x0 zephyr/libzephyr.a(mem_attr.c.obj)
 .rodata.apis   0x0000000000005028        0x8 zephyr/libzephyr.a(nrf_cc3xx_platform_abort_zephyr.c.obj)
 .rodata.mutexes
                0x0000000000005030       0x14 zephyr/libzephyr.a(nrf_cc3xx_platform_mutex_zephyr.c.obj)
 .rodata.mutex_apis
                0x0000000000005044       0x10 zephyr/libzephyr.a(nrf_cc3xx_platform_mutex_zephyr.c.obj)
 .rodata.static_regions
                0x0000000000005054        0xc zephyr/arch/arch/arm/core/mpu/libarch__arm__core__mpu.a(arm_core_mpu.c.obj)
 .rodata.mpu_config
                0x0000000000005060        0x8 zephyr/arch/arch/arm/core/mpu/libarch__arm__core__mpu.a(arm_mpu_regions.c.obj)
                0x0000000000005060                mpu_config
 .rodata.mpu_regions
                0x0000000000005068       0x18 zephyr/arch/arch/arm/core/mpu/libarch__arm__core__mpu.a(arm_mpu_regions.c.obj)
 .rodata.transitions.0
                0x0000000000005080        0xc zephyr/drivers/clock_control/libdrivers__clock_control.a(clock_control_nrf.c.obj)
 .rodata.config
                0x000000000000508c       0x10 zephyr/drivers/clock_control/libdrivers__clock_control.a(clock_control_nrf.c.obj)
 .rodata.clock_control_api
                0x000000000000509c       0x1c zephyr/drivers/clock_control/libdrivers__clock_control.a(clock_control_nrf.c.obj)
 .rodata.gpio_nrfx_p1_cfg
                0x00000000000050b8       0x18 zephyr/drivers/gpio/libdrivers__gpio.a(gpio_nrfx.c.obj)
 .rodata.gpio_nrfx_p0_cfg
                0x00000000000050d0       0x18 zephyr/drivers/gpio/libdrivers__gpio.a(gpio_nrfx.c.obj)
 .rodata.gpio_nrfx_drv_api_funcs
                0x00000000000050e8       0x24 zephyr/drivers/gpio/libdrivers__gpio.a(gpio_nrfx.c.obj)
 .rodata.uarte_0z_config
                0x000000000000510c       0x20 zephyr/drivers/serial/libdrivers__serial.a(uart_nrfx_uarte.c.obj)
 .rodata.__pinctrl_dev_config__device_dts_ord_113
                0x000000000000512c        0xc zephyr/drivers/serial/libdrivers__serial.a(uart_nrfx_uarte.c.obj)
 .rodata.__pinctrl_states__device_dts_ord_113
                0x0000000000005138        0x8 zephyr/drivers/serial/libdrivers__serial.a(uart_nrfx_uarte.c.obj)
 .rodata.__pinctrl_state_pins_0__device_dts_ord_113
                0x0000000000005140       0x10 zephyr/drivers/serial/libdrivers__serial.a(uart_nrfx_uarte.c.obj)
 .rodata.uart_nrfx_uarte_driver_api
                0x0000000000005150        0xc zephyr/drivers/serial/libdrivers__serial.a(uart_nrfx_uarte.c.obj)
 .rodata.levels.0
                0x000000000000515c       0x18 zephyr/kernel/libkernel.a(init.c.obj)
 .rodata.CSWTCH.10
                0x0000000000005174       0x1c C:/ncs/v2.9.0/nrfxlib/crypto/nrf_cc310_platform/lib/cortex-m4/soft-float/no-interrupts/libnrf_cc310_platform_0.9.19.a(nrf_cc3xx_platform.c.obj)
 .rodata.mutex_free.str1.4
                0x0000000000005190       0x26 C:/ncs/v2.9.0/nrfxlib/crypto/nrf_cc310_platform/lib/cortex-m4/soft-float/no-interrupts/libnrf_cc310_platform_0.9.19.a(nrf_cc3xx_platform_mutex.c.obj)
 *fill*         0x00000000000051b6        0x2 
 .rodata.mutex_init.str1.4
                0x00000000000051b8       0x23 C:/ncs/v2.9.0/nrfxlib/crypto/nrf_cc310_platform/lib/cortex-m4/soft-float/no-interrupts/libnrf_cc310_platform_0.9.19.a(nrf_cc3xx_platform_mutex.c.obj)
 *fill*         0x00000000000051db        0x1 
 .rodata.CC_PalPowerSaveModeInit.str1.4
                0x00000000000051dc       0x20 C:/ncs/v2.9.0/nrfxlib/crypto/nrf_cc310_platform/lib/cortex-m4/soft-float/no-interrupts/libnrf_cc310_platform_0.9.19.a(cc_pal_pm.c.obj)
 .rodata.main.str1.1
                0x00000000000051fc       0x10 app/libapp.a(main.c.obj)
 .rodata.boot_banner.str1.1
                0x000000000000520c       0x63 zephyr/libzephyr.a(banner.c.obj)
 .rodata.mutex_free_platform.str1.1
                0x000000000000526f       0x26 zephyr/libzephyr.a(nrf_cc3xx_platform_mutex_zephyr.c.obj)
 .rodata.mutex_init_platform.str1.1
                0x0000000000005295       0x2d zephyr/libzephyr.a(nrf_cc3xx_platform_mutex_zephyr.c.obj)
 .rodata.str1.1
                0x00000000000052c2        0xf zephyr/arch/arch/arm/core/mpu/libarch__arm__core__mpu.a(arm_mpu_regions.c.obj)
 .rodata.CSWTCH.5
                0x00000000000052d1        0x6 zephyr/soc/soc/nrf52840/libsoc__nordic.a(soc.c.obj)
 .rodata.str1.1
                0x00000000000052d7        0xf zephyr/drivers/clock_control/libdrivers__clock_control.a(clock_control_nrf.c.obj)
 .rodata.str1.1
                0x00000000000052e6       0x1c zephyr/drivers/gpio/libdrivers__gpio.a(gpio_nrfx.c.obj)
 .rodata.drive_modes
                0x0000000000005302        0x8 zephyr/drivers/pinctrl/libdrivers__pinctrl.a(pinctrl_nrf.c.obj)
 .rodata.str1.1
                0x000000000000530a        0xe zephyr/drivers/serial/libdrivers__serial.a(uart_nrfx_uarte.c.obj)
 .rodata.CSWTCH.14
                0x0000000000005318        0x6 modules/hal_nordic/nrfx/libmodules__hal_nordic__nrfx.a(system_nrf52840.c.obj)
 .rodata.CSWTCH.5
                0x000000000000531e        0x6 modules/hal_nordic/nrfx/libmodules__hal_nordic__nrfx.a(system_nrf52840.c.obj)
 .rodata.port_offset.1
                0x0000000000005324       0x10 modules/hal_nordic/nrfx/libmodules__hal_nordic__nrfx.a(nrfx_gpiote.c.obj)
 .rodata.ports  0x0000000000005334        0x2 modules/hal_nordic/nrfx/libmodules__hal_nordic__nrfx.a(nrfx_gpiote.c.obj)
 .rodata._DoInit.str1.1
                0x0000000000005336        0x9 modules/segger/libmodules__segger.a(SEGGER_RTT.c.obj)
 .rodata._aInitStr.0
                0x000000000000533f       0x11 modules/segger/libmodules__segger.a(SEGGER_RTT.c.obj)
 .rodata.z_cstart.str1.1
                0x0000000000005350        0x5 zephyr/kernel/libkernel.a(init.c.obj)
 .rodata.__l_vfprintf.str1.1
                0x0000000000005355        0xf c:\ncs\toolchains\b620d30767\opt\zephyr-sdk\arm-zephyr-eabi\bin\../lib/gcc/../../picolibc/arm-zephyr-eabi/lib/thumb/v7e-m/nofp\libc.a(libc_tinystdio_vflprintf.c.o)
 *(SORT_BY_ALIGNMENT(.gnu.linkonce.r.*))
                0x0000000000005364                . = ALIGN (0x4)
                0x0000000000005364                __rodata_region_end = .
                0x0000000000005380                . = ALIGN (_region_min_align)
                0x0000000000008000                . = ALIGN ((0x1 << LOG2CEIL ((__rodata_region_end - ADDR (rom_start)))))
                0x0000000000008000                __rom_region_end = ((__rom_region_start + .) - ADDR (rom_start))

/DISCARD/
 *(SORT_BY_ALIGNMENT(.got.plt))
 *(SORT_BY_ALIGNMENT(.igot.plt))
 *(SORT_BY_ALIGNMENT(.got))
 *(SORT_BY_ALIGNMENT(.igot))
                0x0000000020000000                . = 0x20000000
                0x0000000020000000                . = ALIGN (_region_min_align)
                0x0000000020000000                _image_ram_start = .

_RTT_SECTION_NAME
                0x0000000020000000      0x4b8
                0x0000000020000000                __rtt_buff_data_start = .
 *(SORT_BY_ALIGNMENT(.rtt_buff_data))
 .rtt_buff_data
                0x0000000020000000      0x4b8 modules/segger/libmodules__segger.a(SEGGER_RTT.c.obj)
                0x0000000020000410                _SEGGER_RTT
                0x00000000200004b8                __rtt_buff_data_end = ALIGN (0x4)
                0x00000000000004b8                __rtt_buff_data_size = (__rtt_buff_data_end - __rtt_buff_data_start)

.ramfunc        0x00000000200004b8        0x8 load address 0x0000000000005364
                0x00000000200004c0                . = ALIGN (_region_min_align)
 *fill*         0x00000000200004b8        0x8 
                0x00000000200004c0                . = ALIGN ((0x1 << LOG2CEIL (__ramfunc_size)))
                0x00000000200004c0                __ramfunc_start = .
 *(SORT_BY_ALIGNMENT(.ramfunc))
 *(SORT_BY_ALIGNMENT(.ramfunc.*))
                0x00000000200004c0                . = ALIGN (_region_min_align)
                0x00000000200004c0                . = ALIGN ((0x1 << LOG2CEIL (__ramfunc_size)))
                0x00000000200004c0                __ramfunc_end = .
                0x0000000000000000                __ramfunc_size = (__ramfunc_end - __ramfunc_start)
                0x0000000000005364                __ramfunc_load_start = LOADADDR (.ramfunc)

datas           0x00000000200004c0      0x124 load address 0x000000000000536c
                0x00000000200004c0                __data_region_start = .
                0x00000000200004c0                __data_start = .
 *(SORT_BY_ALIGNMENT(.data))
 *(SORT_BY_ALIGNMENT(.data.*))
 .data._char_out
                0x00000000200004c0        0x4 zephyr/libzephyr.a(printk.c.obj)
 .data.power_mutex
                0x00000000200004c4        0x8 zephyr/libzephyr.a(nrf_cc3xx_platform_mutex_zephyr.c.obj)
 .data.rng_mutex
                0x00000000200004cc        0x8 zephyr/libzephyr.a(nrf_cc3xx_platform_mutex_zephyr.c.obj)
 .data.asym_mutex
                0x00000000200004d4        0x8 zephyr/libzephyr.a(nrf_cc3xx_platform_mutex_zephyr.c.obj)
 .data.sym_mutex
                0x00000000200004dc        0x8 zephyr/libzephyr.a(nrf_cc3xx_platform_mutex_zephyr.c.obj)
 .data.__stdout
                0x00000000200004e4       0x10 zephyr/lib/libc/picolibc/liblib__libc__picolibc.a(libc-hooks.c.obj)
 .data.m_cb     0x00000000200004f4       0x84 modules/hal_nordic/nrfx/libmodules__hal_nordic__nrfx.a(nrfx_gpiote.c.obj)
 .data.m_channels_allocated
                0x0000000020000578        0x4 modules/hal_nordic/nrfx/libmodules__hal_nordic__nrfx.a(nrfx_ppi.c.obj)
 .data.timeout_list
                0x000000002000057c        0x8 zephyr/kernel/libkernel.a(timeout.c.obj)
 .data.platform_abort_apis
                0x0000000020000584        0x8 C:/ncs/v2.9.0/nrfxlib/crypto/nrf_cc310_platform/lib/cortex-m4/soft-float/no-interrupts/libnrf_cc310_platform_0.9.19.a(nrf_cc3xx_platform_abort.c.obj)
                0x0000000020000584                platform_abort_apis
 .data.platform_mutexes
                0x000000002000058c       0x14 C:/ncs/v2.9.0/nrfxlib/crypto/nrf_cc310_platform/lib/cortex-m4/soft-float/no-interrupts/libnrf_cc310_platform_0.9.19.a(nrf_cc3xx_platform_mutex.c.obj)
                0x000000002000058c                platform_mutexes
 .data.platform_mutex_apis
                0x00000000200005a0       0x10 C:/ncs/v2.9.0/nrfxlib/crypto/nrf_cc310_platform/lib/cortex-m4/soft-float/no-interrupts/libnrf_cc310_platform_0.9.19.a(nrf_cc3xx_platform_mutex.c.obj)
                0x00000000200005a0                platform_mutex_apis
 .data.power_mutex
                0x00000000200005b0        0x8 C:/ncs/v2.9.0/nrfxlib/crypto/nrf_cc310_platform/lib/cortex-m4/soft-float/no-interrupts/libnrf_cc310_platform_0.9.19.a(nrf_cc3xx_platform_mutex.c.obj)
 .data.rng_mutex
                0x00000000200005b8        0x8 C:/ncs/v2.9.0/nrfxlib/crypto/nrf_cc310_platform/lib/cortex-m4/soft-float/no-interrupts/libnrf_cc310_platform_0.9.19.a(nrf_cc3xx_platform_mutex.c.obj)
 .data.asym_mutex
                0x00000000200005c0        0x8 C:/ncs/v2.9.0/nrfxlib/crypto/nrf_cc310_platform/lib/cortex-m4/soft-float/no-interrupts/libnrf_cc310_platform_0.9.19.a(nrf_cc3xx_platform_mutex.c.obj)
 .data.sym_mutex
                0x00000000200005c8        0x8 C:/ncs/v2.9.0/nrfxlib/crypto/nrf_cc310_platform/lib/cortex-m4/soft-float/no-interrupts/libnrf_cc310_platform_0.9.19.a(nrf_cc3xx_platform_mutex.c.obj)
 .data.pCCRndCryptoMutex
                0x00000000200005d0        0x4 C:/ncs/v2.9.0/nrfxlib/crypto/nrf_cc310_platform/lib/cortex-m4/soft-float/no-interrupts/libnrf_cc310_platform_0.9.19.a(cc_pal.c.obj)
                0x00000000200005d0                pCCRndCryptoMutex
 .data.CCPowerMutex
                0x00000000200005d4        0x4 C:/ncs/v2.9.0/nrfxlib/crypto/nrf_cc310_platform/lib/cortex-m4/soft-float/no-interrupts/libnrf_cc310_platform_0.9.19.a(cc_pal.c.obj)
                0x00000000200005d4                CCPowerMutex
 .data.CCRndCryptoMutex
                0x00000000200005d8        0x4 C:/ncs/v2.9.0/nrfxlib/crypto/nrf_cc310_platform/lib/cortex-m4/soft-float/no-interrupts/libnrf_cc310_platform_0.9.19.a(cc_pal.c.obj)
                0x00000000200005d8                CCRndCryptoMutex
 .data.CCAsymCryptoMutex
                0x00000000200005dc        0x4 C:/ncs/v2.9.0/nrfxlib/crypto/nrf_cc310_platform/lib/cortex-m4/soft-float/no-interrupts/libnrf_cc310_platform_0.9.19.a(cc_pal.c.obj)
                0x00000000200005dc                CCAsymCryptoMutex
 .data.CCSymCryptoMutex
                0x00000000200005e0        0x4 C:/ncs/v2.9.0/nrfxlib/crypto/nrf_cc310_platform/lib/cortex-m4/soft-float/no-interrupts/libnrf_cc310_platform_0.9.19.a(cc_pal.c.obj)
                0x00000000200005e0                CCSymCryptoMutex
 *(SORT_BY_ALIGNMENT(.kernel.*))
                0x00000000200005e4                __data_end = .
                0x0000000000000124                __data_size = (__data_end - __data_start)
                0x000000000000536c                __data_load_start = LOADADDR (datas)
                0x000000000000536c                __data_region_load_start = LOADADDR (datas)

device_states   0x00000000200005e4        0x8 load address 0x0000000000005490
                0x00000000200005e4                __device_states_start = .
 *(SORT_BY_ALIGNMENT(.z_devstate))
 .z_devstate    0x00000000200005e4        0x2 zephyr/drivers/clock_control/libdrivers__clock_control.a(clock_control_nrf.c.obj)
 .z_devstate    0x00000000200005e6        0x4 zephyr/drivers/gpio/libdrivers__gpio.a(gpio_nrfx.c.obj)
 .z_devstate    0x00000000200005ea        0x2 zephyr/drivers/serial/libdrivers__serial.a(uart_nrfx_uarte.c.obj)
 *(SORT_BY_ALIGNMENT(.z_devstate.*))
                0x00000000200005ec                __device_states_end = .

log_mpsc_pbuf_area
                0x00000000200005ec        0x0 load address 0x0000000000005498
                0x00000000200005ec                _log_mpsc_pbuf_list_start = .
 *(SORT_BY_NAME(SORT_BY_ALIGNMENT(._log_mpsc_pbuf.static.*)))
                0x00000000200005ec                _log_mpsc_pbuf_list_end = .

log_msg_ptr_area
                0x00000000200005ec        0x0 load address 0x0000000000005498
                0x00000000200005ec                _log_msg_ptr_list_start = .
 *(SORT_BY_NAME(SORT_BY_ALIGNMENT(._log_msg_ptr.static.*)))
                0x00000000200005ec                _log_msg_ptr_list_end = .

log_dynamic_area
                0x00000000200005ec        0x0 load address 0x0000000000005498
                0x00000000200005ec                _log_dynamic_list_start = .
 *(SORT_BY_NAME(SORT_BY_ALIGNMENT(._log_dynamic.static.*)))
                0x00000000200005ec                _log_dynamic_list_end = .

k_timer_area    0x00000000200005ec        0x0 load address 0x0000000000005498
                0x00000000200005ec                _k_timer_list_start = .
 *(SORT_BY_NAME(SORT_BY_ALIGNMENT(._k_timer.static.*)))
                0x00000000200005ec                _k_timer_list_end = .

k_mem_slab_area
                0x00000000200005ec        0x0 load address 0x0000000000005498
                0x00000000200005ec                _k_mem_slab_list_start = .
 *(SORT_BY_NAME(SORT_BY_ALIGNMENT(._k_mem_slab.static.*)))
                0x00000000200005ec                _k_mem_slab_list_end = .

k_heap_area     0x00000000200005ec        0x0 load address 0x0000000000005498
                0x00000000200005ec                _k_heap_list_start = .
 *(SORT_BY_NAME(SORT_BY_ALIGNMENT(._k_heap.static.*)))
                0x00000000200005ec                _k_heap_list_end = .

k_mutex_area    0x00000000200005ec       0x50 load address 0x0000000000005498
                0x00000000200005ec                _k_mutex_list_start = .
 *(SORT_BY_NAME(SORT_BY_ALIGNMENT(._k_mutex.static.*)))
 ._k_mutex.static.asym_mutex_int_
                0x00000000200005ec       0x14 zephyr/libzephyr.a(nrf_cc3xx_platform_mutex_zephyr.c.obj)
                0x00000000200005ec                asym_mutex_int
 ._k_mutex.static.power_mutex_int_
                0x0000000020000600       0x14 zephyr/libzephyr.a(nrf_cc3xx_platform_mutex_zephyr.c.obj)
                0x0000000020000600                power_mutex_int
 ._k_mutex.static.rng_mutex_int_
                0x0000000020000614       0x14 zephyr/libzephyr.a(nrf_cc3xx_platform_mutex_zephyr.c.obj)
                0x0000000020000614                rng_mutex_int
 ._k_mutex.static.sym_mutex_int_
                0x0000000020000628       0x14 zephyr/libzephyr.a(nrf_cc3xx_platform_mutex_zephyr.c.obj)
                0x0000000020000628                sym_mutex_int
                0x000000002000063c                _k_mutex_list_end = .

k_stack_area    0x000000002000063c        0x0 load address 0x00000000000054e8
                0x000000002000063c                _k_stack_list_start = .
 *(SORT_BY_NAME(SORT_BY_ALIGNMENT(._k_stack.static.*)))
                0x000000002000063c                _k_stack_list_end = .

k_msgq_area     0x000000002000063c        0x0 load address 0x00000000000054e8
                0x000000002000063c                _k_msgq_list_start = .
 *(SORT_BY_NAME(SORT_BY_ALIGNMENT(._k_msgq.static.*)))
                0x000000002000063c                _k_msgq_list_end = .

k_mbox_area     0x000000002000063c        0x0 load address 0x00000000000054e8
                0x000000002000063c                _k_mbox_list_start = .
 *(SORT_BY_NAME(SORT_BY_ALIGNMENT(._k_mbox.static.*)))
                0x000000002000063c                _k_mbox_list_end = .

k_pipe_area     0x000000002000063c        0x0 load address 0x00000000000054e8
                0x000000002000063c                _k_pipe_list_start = .
 *(SORT_BY_NAME(SORT_BY_ALIGNMENT(._k_pipe.static.*)))
                0x000000002000063c                _k_pipe_list_end = .

k_sem_area      0x000000002000063c        0x0 load address 0x00000000000054e8
                0x000000002000063c                _k_sem_list_start = .
 *(SORT_BY_NAME(SORT_BY_ALIGNMENT(._k_sem.static.*)))
                0x000000002000063c                _k_sem_list_end = .

k_event_area    0x000000002000063c        0x0 load address 0x00000000000054e8
                0x000000002000063c                _k_event_list_start = .
 *(SORT_BY_NAME(SORT_BY_ALIGNMENT(._k_event.static.*)))
                0x000000002000063c                _k_event_list_end = .

k_queue_area    0x000000002000063c        0x0 load address 0x00000000000054e8
                0x000000002000063c                _k_queue_list_start = .
 *(SORT_BY_NAME(SORT_BY_ALIGNMENT(._k_queue.static.*)))
                0x000000002000063c                _k_queue_list_end = .

k_fifo_area     0x000000002000063c        0x0 load address 0x00000000000054e8
                0x000000002000063c                _k_fifo_list_start = .
 *(SORT_BY_NAME(SORT_BY_ALIGNMENT(._k_fifo.static.*)))
                0x000000002000063c                _k_fifo_list_end = .

k_lifo_area     0x000000002000063c        0x0 load address 0x00000000000054e8
                0x000000002000063c                _k_lifo_list_start = .
 *(SORT_BY_NAME(SORT_BY_ALIGNMENT(._k_lifo.static.*)))
                0x000000002000063c                _k_lifo_list_end = .

k_condvar_area  0x000000002000063c        0x0 load address 0x00000000000054e8
                0x000000002000063c                _k_condvar_list_start = .
 *(SORT_BY_NAME(SORT_BY_ALIGNMENT(._k_condvar.static.*)))
                0x000000002000063c                _k_condvar_list_end = .

sys_mem_blocks_ptr_area
                0x000000002000063c        0x0 load address 0x00000000000054e8
                0x000000002000063c                _sys_mem_blocks_ptr_list_start = .
 *(SORT_BY_NAME(SORT_BY_ALIGNMENT(._sys_mem_blocks_ptr.static.*)))
                0x000000002000063c                _sys_mem_blocks_ptr_list_end = .

net_buf_pool_area
                0x000000002000063c        0x0 load address 0x00000000000054e8
                0x000000002000063c                _net_buf_pool_list_start = .
 *(SORT_BY_NAME(SORT_BY_ALIGNMENT(._net_buf_pool.static.*)))
                0x000000002000063c                _net_buf_pool_list_end = .
                0x000000002000063c                __data_region_end = .

bss             0x0000000020000640      0x9a9
                0x0000000020000640                . = ALIGN (0x4)
                0x0000000020000640                __bss_start = .
                0x0000000020000640                __kernel_ram_start = .
 *(SORT_BY_ALIGNMENT(.bss))
 *(SORT_BY_ALIGNMENT(.bss.*))
 .bss.cc_data   0x0000000020000640       0x10 zephyr/drivers/timer/libdrivers__timer.a(nrf_rtc_timer.c.obj)
 .bss.last_count
                0x0000000020000650        0x8 zephyr/drivers/timer/libdrivers__timer.a(nrf_rtc_timer.c.obj)
 .bss.anchor    0x0000000020000658        0x8 zephyr/drivers/timer/libdrivers__timer.a(nrf_rtc_timer.c.obj)
 .bss.z_idle_threads
                0x0000000020000660       0x80 zephyr/kernel/libkernel.a(init.c.obj)
                0x0000000020000660                z_idle_threads
 .bss.z_main_thread
                0x00000000200006e0       0x80 zephyr/kernel/libkernel.a(init.c.obj)
                0x00000000200006e0                z_main_thread
 .bss._thread_dummy
                0x0000000020000760       0x80 zephyr/kernel/libkernel.a(sched.c.obj)
                0x0000000020000760                _thread_dummy
 .bss.slice_timeouts
                0x00000000200007e0       0x18 zephyr/kernel/libkernel.a(timeslicing.c.obj)
 .bss.curr_tick
                0x00000000200007f8        0x8 zephyr/kernel/libkernel.a(timeout.c.obj)
 .bss.mutex_slab_buffer
                0x0000000020000800      0x500 zephyr/libzephyr.a(nrf_cc3xx_platform_mutex_zephyr.c.obj)
                0x0000000020000800                mutex_slab_buffer
 .bss.mutex_slab
                0x0000000020000d00       0x1c zephyr/libzephyr.a(nrf_cc3xx_platform_mutex_zephyr.c.obj)
                0x0000000020000d00                mutex_slab
 .bss.z_arm_tls_ptr
                0x0000000020000d1c        0x4 zephyr/arch/arch/arm/core/libarch__arm__core.a(tls.c.obj)
                0x0000000020000d1c                z_arm_tls_ptr
 .bss.dynamic_regions.0
                0x0000000020000d20        0xc zephyr/arch/arch/arm/core/mpu/libarch__arm__core__mpu.a(arm_core_mpu.c.obj)
 .bss._stdout_hook
                0x0000000020000d2c        0x4 zephyr/lib/libc/picolibc/liblib__libc__picolibc.a(libc-hooks.c.obj)
 .bss.z_malloc_heap
                0x0000000020000d30        0xc zephyr/lib/libc/common/liblib__libc__common.a(malloc.c.obj)
 .bss.cli.1     0x0000000020000d3c       0x10 zephyr/drivers/clock_control/libdrivers__clock_control.a(clock_control_nrf.c.obj)
 .bss.on.2      0x0000000020000d4c        0x4 zephyr/drivers/clock_control/libdrivers__clock_control.a(clock_control_nrf.c.obj)
 .bss.data      0x0000000020000d50       0x50 zephyr/drivers/clock_control/libdrivers__clock_control.a(clock_control_nrf.c.obj)
 .bss.hfclk_users
                0x0000000020000da0        0x4 zephyr/drivers/clock_control/libdrivers__clock_control.a(clock_control_nrf.c.obj)
 .bss.gpio_nrfx_p1_data
                0x0000000020000da4        0xc zephyr/drivers/gpio/libdrivers__gpio.a(gpio_nrfx.c.obj)
 .bss.gpio_nrfx_p0_data
                0x0000000020000db0        0xc zephyr/drivers/gpio/libdrivers__gpio.a(gpio_nrfx.c.obj)
 .bss.uarte_0_data
                0x0000000020000dbc        0xc zephyr/drivers/serial/libdrivers__serial.a(uart_nrfx_uarte.c.obj)
 .bss.force_isr_mask
                0x0000000020000dc8        0x4 zephyr/drivers/timer/libdrivers__timer.a(nrf_rtc_timer.c.obj)
 .bss.int_mask  0x0000000020000dcc        0x4 zephyr/drivers/timer/libdrivers__timer.a(nrf_rtc_timer.c.obj)
 .bss.overflow_cnt
                0x0000000020000dd0        0x4 zephyr/drivers/timer/libdrivers__timer.a(nrf_rtc_timer.c.obj)
 .bss.m_clock_cb
                0x0000000020000dd4        0x8 modules/hal_nordic/nrfx/libmodules__hal_nordic__nrfx.a(nrfx_clock.c.obj)
 .bss._kernel   0x0000000020000ddc       0x20 zephyr/kernel/libkernel.a(init.c.obj)
                0x0000000020000ddc                _kernel
 .bss.pending_current
                0x0000000020000dfc        0x4 zephyr/kernel/libkernel.a(timeslicing.c.obj)
                0x0000000020000dfc                pending_current
 .bss.slice_max_prio
                0x0000000020000e00        0x4 zephyr/kernel/libkernel.a(timeslicing.c.obj)
 .bss.slice_ticks
                0x0000000020000e04        0x4 zephyr/kernel/libkernel.a(timeslicing.c.obj)
 .bss.announce_remaining
                0x0000000020000e08        0x4 zephyr/kernel/libkernel.a(timeout.c.obj)
 .bss.nrf_cc3xx_platform_initialized
                0x0000000020000e0c        0x4 C:/ncs/v2.9.0/nrfxlib/crypto/nrf_cc310_platform/lib/cortex-m4/soft-float/no-interrupts/libnrf_cc310_platform_0.9.19.a(nrf_cc3xx_platform.c.obj)
 .bss.power_mutex_int
                0x0000000020000e10        0x4 C:/ncs/v2.9.0/nrfxlib/crypto/nrf_cc310_platform/lib/cortex-m4/soft-float/no-interrupts/libnrf_cc310_platform_0.9.19.a(nrf_cc3xx_platform_mutex.c.obj)
 .bss.rng_mutex_int
                0x0000000020000e14        0x4 C:/ncs/v2.9.0/nrfxlib/crypto/nrf_cc310_platform/lib/cortex-m4/soft-float/no-interrupts/libnrf_cc310_platform_0.9.19.a(nrf_cc3xx_platform_mutex.c.obj)
 .bss.asym_mutex_int
                0x0000000020000e18        0x4 C:/ncs/v2.9.0/nrfxlib/crypto/nrf_cc310_platform/lib/cortex-m4/soft-float/no-interrupts/libnrf_cc310_platform_0.9.19.a(nrf_cc3xx_platform_mutex.c.obj)
 .bss.sym_mutex_int
                0x0000000020000e1c        0x4 C:/ncs/v2.9.0/nrfxlib/crypto/nrf_cc310_platform/lib/cortex-m4/soft-float/no-interrupts/libnrf_cc310_platform_0.9.19.a(nrf_cc3xx_platform_mutex.c.obj)
 .bss.use_count
                0x0000000020000e20        0x4 C:/ncs/v2.9.0/nrfxlib/crypto/nrf_cc310_platform/lib/cortex-m4/soft-float/no-interrupts/libnrf_cc310_platform_0.9.19.a(cc_pal_pm.c.obj)
 .bss.nrf_cc3xx_platform_ctr_drbg_global_ctx
                0x0000000020000e24      0x1c0 C:/ncs/v2.9.0/nrfxlib/crypto/nrf_cc310_platform/lib/cortex-m4/soft-float/no-interrupts/libnrf_cc310_platform_0.9.19.a(nrf_cc3xx_platform_ctr_drbg.c.obj)
                0x0000000020000e24                nrf_cc3xx_platform_ctr_drbg_global_ctx
 .bss.static_regions_num